Analysis & Synthesis report for right
Tue Jan 13 11:30:38 2015
Quartus II Version 9.0 Build 132 02/25/2009 SJ Full Version


---------------------
; Table of Contents ;
---------------------
  1. Legal Notice
  2. Analysis & Synthesis Summary
  3. Analysis & Synthesis Settings
  4. Analysis & Synthesis Source Files Read
  5. Analysis & Synthesis Resource Usage Summary
  6. Analysis & Synthesis Resource Utilization by Entity
  7. State Machine - |right|light_state
  8. State Machine - |right|state
  9. User-Specified and Inferred Latches
 10. Registers Removed During Synthesis
 11. General Register Statistics
 12. Inverted Register Statistics
 13. Multiplexer Restructuring Statistics (Restructuring Performed)
 14. Analysis & Synthesis Messages
 15. Analysis & Synthesis Suppressed Messages



----------------
; Legal Notice ;
----------------
Copyright (C) 1991-2009 Altera Corporation
Your use of Altera Corporation's design tools, logic functions 
and other software and tools, and its AMPP partner logic 
functions, and any output files from any of the foregoing 
(including device programming or simulation files), and any 
associated documentation or information are expressly subject 
to the terms and conditions of the Altera Program License 
Subscription Agreement, Altera MegaCore Function License 
Agreement, or other applicable license agreement, including, 
without limitation, that your use is for the sole purpose of 
programming logic devices manufactured by Altera and sold by 
Altera or its authorized distributors.  Please refer to the 
applicable agreement for further details.



+------------------------------------------------------------------------+
; Analysis & Synthesis Summary                                           ;
+-----------------------------+------------------------------------------+
; Analysis & Synthesis Status ; Successful - Tue Jan 13 11:30:38 2015    ;
; Quartus II Version          ; 9.0 Build 132 02/25/2009 SJ Full Version ;
; Revision Name               ; right                                    ;
; Top-level Entity Name       ; right                                    ;
; Family                      ; MAX II                                   ;
; Total logic elements        ; 238                                      ;
; Total pins                  ; 43                                       ;
; Total virtual pins          ; 0                                        ;
; UFM blocks                  ; 0 / 1 ( 0 % )                            ;
+-----------------------------+------------------------------------------+


+----------------------------------------------------------------------------------------------------------+
; Analysis & Synthesis Settings                                                                            ;
+----------------------------------------------------------------+--------------------+--------------------+
; Option                                                         ; Setting            ; Default Value      ;
+----------------------------------------------------------------+--------------------+--------------------+
; Device                                                         ; EPM240T100C5       ;                    ;
; Top-level entity name                                          ; right              ; right              ;
; Family name                                                    ; MAX II             ; Stratix II         ;
; Use Generated Physical Constraints File                        ; Off                ;                    ;
; Use smart compilation                                          ; Off                ; Off                ;
; Restructure Multiplexers                                       ; Auto               ; Auto               ;
; Create Debugging Nodes for IP Cores                            ; Off                ; Off                ;
; Preserve fewer node names                                      ; On                 ; On                 ;
; Disable OpenCore Plus hardware evaluation                      ; Off                ; Off                ;
; Verilog Version                                                ; Verilog_2001       ; Verilog_2001       ;
; VHDL Version                                                   ; VHDL93             ; VHDL93             ;
; State Machine Processing                                       ; Auto               ; Auto               ;
; Safe State Machine                                             ; Off                ; Off                ;
; Extract Verilog State Machines                                 ; On                 ; On                 ;
; Extract VHDL State Machines                                    ; On                 ; On                 ;
; Ignore Verilog initial constructs                              ; Off                ; Off                ;
; Iteration limit for constant Verilog loops                     ; 5000               ; 5000               ;
; Iteration limit for non-constant Verilog loops                 ; 250                ; 250                ;
; Add Pass-Through Logic to Inferred RAMs                        ; On                 ; On                 ;
; Parallel Synthesis                                             ; Off                ; Off                ;
; NOT Gate Push-Back                                             ; On                 ; On                 ;
; Power-Up Don't Care                                            ; On                 ; On                 ;
; Remove Redundant Logic Cells                                   ; Off                ; Off                ;
; Remove Duplicate Registers                                     ; On                 ; On                 ;
; Ignore CARRY Buffers                                           ; Off                ; Off                ;
; Ignore CASCADE Buffers                                         ; Off                ; Off                ;
; Ignore GLOBAL Buffers                                          ; Off                ; Off                ;
; Ignore ROW GLOBAL Buffers                                      ; Off                ; Off                ;
; Ignore LCELL Buffers                                           ; Off                ; Off                ;
; Ignore SOFT Buffers                                            ; On                 ; On                 ;
; Limit AHDL Integers to 32 Bits                                 ; Off                ; Off                ;
; Optimization Technique                                         ; Balanced           ; Balanced           ;
; Carry Chain Length                                             ; 70                 ; 70                 ;
; Auto Carry Chains                                              ; On                 ; On                 ;
; Auto Open-Drain Pins                                           ; On                 ; On                 ;
; Perform WYSIWYG Primitive Resynthesis                          ; Off                ; Off                ;
; Auto Shift Register Replacement                                ; Auto               ; Auto               ;
; Auto Clock Enable Replacement                                  ; On                 ; On                 ;
; Allow Synchronous Control Signals                              ; On                 ; On                 ;
; Force Use of Synchronous Clear Signals                         ; Off                ; Off                ;
; Auto Resource Sharing                                          ; Off                ; Off                ;
; Use LogicLock Constraints during Resource Balancing            ; On                 ; On                 ;
; Ignore translate_off and synthesis_off directives              ; Off                ; Off                ;
; Show Parameter Settings Tables in Synthesis Report             ; On                 ; On                 ;
; Ignore Maximum Fan-Out Assignments                             ; Off                ; Off                ;
; Synchronization Register Chain Length                          ; 2                  ; 2                  ;
; PowerPlay Power Optimization                                   ; Normal compilation ; Normal compilation ;
; HDL message level                                              ; Level2             ; Level2             ;
; Suppress Register Optimization Related Messages                ; Off                ; Off                ;
; Number of Removed Registers Reported in Synthesis Report       ; 100                ; 100                ;
; Number of Inverted Registers Reported in Synthesis Report      ; 100                ; 100                ;
; Clock MUX Protection                                           ; On                 ; On                 ;
; Block Design Naming                                            ; Auto               ; Auto               ;
; Synthesis Effort                                               ; Auto               ; Auto               ;
; Allows Asynchronous Clear Usage For Shift Register Replacement ; On                 ; On                 ;
; Analysis & Synthesis Message Level                             ; Medium             ; Medium             ;
+----------------------------------------------------------------+--------------------+--------------------+


+------------------------------------------------------------------------------------------------------------+
; Analysis & Synthesis Source Files Read                                                                     ;
+----------------------------------+-----------------+------------------------+------------------------------+
; File Name with User-Entered Path ; Used in Netlist ; File Type              ; File Name with Absolute Path ;
+----------------------------------+-----------------+------------------------+------------------------------+
; right.v                          ; yes             ; User Verilog HDL File  ; G:/richtig/right.v           ;
+----------------------------------+-----------------+------------------------+------------------------------+


+-----------------------------------------------------+
; Analysis & Synthesis Resource Usage Summary         ;
+---------------------------------------------+-------+
; Resource                                    ; Usage ;
+---------------------------------------------+-------+
; Total logic elements                        ; 238   ;
;     -- Combinational with no register       ; 103   ;
;     -- Register only                        ; 29    ;
;     -- Combinational with a register        ; 106   ;
;                                             ;       ;
; Logic element usage by number of LUT inputs ;       ;
;     -- 4 input functions                    ; 57    ;
;     -- 3 input functions                    ; 51    ;
;     -- 2 input functions                    ; 82    ;
;     -- 1 input functions                    ; 17    ;
;     -- 0 input functions                    ; 2     ;
;                                             ;       ;
; Logic elements by mode                      ;       ;
;     -- normal mode                          ; 146   ;
;     -- arithmetic mode                      ; 92    ;
;     -- qfbk mode                            ; 0     ;
;     -- register cascade mode                ; 0     ;
;     -- synchronous clear/load mode          ; 11    ;
;     -- asynchronous clear/load mode         ; 104   ;
;                                             ;       ;
; Total registers                             ; 135   ;
; Total logic cells in carry chains           ; 100   ;
; I/O pins                                    ; 43    ;
; Maximum fan-out node                        ; rst   ;
; Maximum fan-out                             ; 107   ;
; Total fan-out                               ; 977   ;
; Average fan-out                             ; 3.48  ;
+---------------------------------------------+-------+


+----------------------------------------------------------------------------------------------------------------------------------------------------------------------------------------------------------------------+
; Analysis & Synthesis Resource Utilization by Entity                                                                                                                                                                  ;
+----------------------------+-------------+--------------+------------+------+--------------+--------------+-------------------+------------------+-----------------+------------+---------------------+--------------+
; Compilation Hierarchy Node ; Logic Cells ; LC Registers ; UFM Blocks ; Pins ; Virtual Pins ; LUT-Only LCs ; Register-Only LCs ; LUT/Register LCs ; Carry Chain LCs ; Packed LCs ; Full Hierarchy Name ; Library Name ;
+----------------------------+-------------+--------------+------------+------+--------------+--------------+-------------------+------------------+-----------------+------------+---------------------+--------------+
; |right                     ; 238 (238)   ; 135          ; 0          ; 43   ; 0            ; 103 (103)    ; 29 (29)           ; 106 (106)        ; 100 (100)       ; 0 (0)      ; |right              ; work         ;
+----------------------------+-------------+--------------+------------+------+--------------+--------------+-------------------+------------------+-----------------+------------+---------------------+--------------+
Note: For table entries with two numbers listed, the numbers in parentheses indicate the number of resources of the given type used by the specific entity alone. The numbers listed outside of parentheses indicate the total resources of the given type used by the specific entity and all of its sub-entities in the hierarchy.


Encoding Type:  One-Hot
+-----------------------------------------------------------------------------------------------------------+
; State Machine - |right|light_state                                                                        ;
+-----------------+-----------------+-----------------+-----------------+-----------------+-----------------+
; Name            ; light_state.011 ; light_state.010 ; light_state.001 ; light_state.000 ; light_state.100 ;
+-----------------+-----------------+-----------------+-----------------+-----------------+-----------------+
; light_state.000 ; 0               ; 0               ; 0               ; 0               ; 0               ;
; light_state.001 ; 0               ; 0               ; 1               ; 1               ; 0               ;
; light_state.010 ; 0               ; 1               ; 0               ; 1               ; 0               ;
; light_state.011 ; 1               ; 0               ; 0               ; 1               ; 0               ;
; light_state.100 ; 0               ; 0               ; 0               ; 1               ; 1               ;
+-----------------+-----------------+-----------------+-----------------+-----------------+-----------------+


Encoding Type:  One-Hot
+-------------------------------------------------------------------------------------------------------+
; State Machine - |right|state                                                                          ;
+------------+------------+------------+------------+------------+------------+------------+------------+
; Name       ; state.1011 ; state.1010 ; state.1001 ; state.0011 ; state.0010 ; state.0001 ; state.0000 ;
+------------+------------+------------+------------+------------+------------+------------+------------+
; state.0000 ; 0          ; 0          ; 0          ; 0          ; 0          ; 0          ; 0          ;
; state.0001 ; 0          ; 0          ; 0          ; 0          ; 0          ; 1          ; 1          ;
; state.0010 ; 0          ; 0          ; 0          ; 0          ; 1          ; 0          ; 1          ;
; state.0011 ; 0          ; 0          ; 0          ; 1          ; 0          ; 0          ; 1          ;
; state.1001 ; 0          ; 0          ; 1          ; 0          ; 0          ; 0          ; 1          ;
; state.1010 ; 0          ; 1          ; 0          ; 0          ; 0          ; 0          ; 1          ;
; state.1011 ; 1          ; 0          ; 0          ; 0          ; 0          ; 0          ; 1          ;
+------------+------------+------------+------------+------------+------------+------------+------------+


+---------------------------------------------------------------------------------------------------+
; User-Specified and Inferred Latches                                                               ;
+----------------------------------------------------+---------------------+------------------------+
; Latch Name                                         ; Latch Enable Signal ; Free of Timing Hazards ;
+----------------------------------------------------+---------------------+------------------------+
; temp_select                                        ; rst                 ; yes                    ;
; Number of user-specified and inferred latches = 1  ;                     ;                        ;
+----------------------------------------------------+---------------------+------------------------+
Note: All latches listed above may not be present at the end of synthesis due to various synthesis optimizations.


+----------------------------------------------------------------------+
; Registers Removed During Synthesis                                   ;
+----------------------------------------+-----------------------------+
; Register name                          ; Reason for Removal          ;
+----------------------------------------+-----------------------------+
; light_state~10                         ; Lost fanout                 ;
; light_state~11                         ; Lost fanout                 ;
; state~10                               ; Lost fanout                 ;
; state~11                               ; Lost fanout                 ;
; state~12                               ; Lost fanout                 ;
; state~13                               ; Lost fanout                 ;
; counter[0]                             ; Merged with counter_1KHZ[0] ;
; counter[1]                             ; Merged with counter_1KHZ[1] ;
; counter[2]                             ; Merged with counter_1KHZ[2] ;
; counter[3]                             ; Merged with counter_1KHZ[3] ;
; counter[4]                             ; Merged with counter_1KHZ[4] ;
; counter[5]                             ; Merged with counter_1KHZ[5] ;
; Total Number of Removed Registers = 12 ;                             ;
+----------------------------------------+-----------------------------+


+------------------------------------------------------+
; General Register Statistics                          ;
+----------------------------------------------+-------+
; Statistic                                    ; Value ;
+----------------------------------------------+-------+
; Total registers                              ; 135   ;
; Number of registers using Synchronous Clear  ; 0     ;
; Number of registers using Synchronous Load   ; 11    ;
; Number of registers using Asynchronous Clear ; 84    ;
; Number of registers using Asynchronous Load  ; 20    ;
; Number of registers using Clock Enable       ; 74    ;
; Number of registers using Preset             ; 0     ;
+----------------------------------------------+-------+


+---------------------------------------------------+
; Inverted Register Statistics                      ;
+-----------------------------------------+---------+
; Inverted Register                       ; Fan out ;
+-----------------------------------------+---------+
; BCD[1]~reg0                             ; 9       ;
; BCD[2]~reg0                             ; 9       ;
; ctl[0]~reg0                             ; 1       ;
; ctl[1]~reg0                             ; 1       ;
; ctl[2]~reg0                             ; 1       ;
; ctl[3]~reg0                             ; 1       ;
; counter_1KHZ[6]                         ; 2       ;
; counter_1KHZ[8]                         ; 2       ;
; counter_1KHZ[9]                         ; 2       ;
; counter_1KHZ[10]                        ; 2       ;
; counter_1KHZ[11]                        ; 2       ;
; counter_1KHZ[12]                        ; 2       ;
; select_counter[4]                       ; 2       ;
; select_counter[3]                       ; 2       ;
; select_counter[2]                       ; 2       ;
; select_counter[1]                       ; 2       ;
; counter[8]                              ; 2       ;
; counter[10]                             ; 2       ;
; counter[12]                             ; 2       ;
; counter[13]                             ; 2       ;
; counter[18]                             ; 2       ;
; counter[19]                             ; 2       ;
; Total number of inverted registers = 22 ;         ;
+-----------------------------------------+---------+


+------------------------------------------------------------------------------------------------------------------------------------------+
; Multiplexer Restructuring Statistics (Restructuring Performed)                                                                           ;
+--------------------+-----------+---------------+----------------------+------------------------+------------+----------------------------+
; Multiplexer Inputs ; Bus Width ; Baseline Area ; Area if Restructured ; Saving if Restructured ; Registered ; Example Multiplexer Output ;
+--------------------+-----------+---------------+----------------------+------------------------+------------+----------------------------+
; 6:1                ; 11 bits   ; 44 LEs        ; 11 LEs               ; 33 LEs                 ; Yes        ; |right|result[0]~reg0      ;
+--------------------+-----------+---------------+----------------------+------------------------+------------+----------------------------+


+-------------------------------+
; Analysis & Synthesis Messages ;
+-------------------------------+
Info: *******************************************************************
Info: Running Quartus II Analysis & Synthesis
    Info: Version 9.0 Build 132 02/25/2009 SJ Full Version
    Info: Processing started: Tue Jan 13 11:30:27 2015
Info: Command: quartus_map --read_settings_files=on --write_settings_files=off right -c right
Info: Found 1 design units, including 1 entities, in source file right.v
    Info: Found entity 1: right
Info: Elaborating entity "right" for the top level hierarchy
Warning (10230): Verilog HDL assignment warning at right.v(21): truncated value with size 32 to match size of target (5)
Warning (10240): Verilog HDL Always Construct warning at right.v(11): inferring latch(es) for variable "temp_select", which holds its previous value in one or more paths through the always construct
Warning (10230): Verilog HDL assignment warning at right.v(43): truncated value with size 32 to match size of target (20)
Warning (10230): Verilog HDL assignment warning at right.v(57): truncated value with size 32 to match size of target (13)
Warning (10230): Verilog HDL assignment warning at right.v(74): truncated value with size 32 to match size of target (11)
Warning (10230): Verilog HDL assignment warning at right.v(88): truncated value with size 32 to match size of target (11)
Warning (10230): Verilog HDL assignment warning at right.v(187): truncated value with size 32 to match size of target (11)
Warning (10230): Verilog HDL assignment warning at right.v(201): truncated value with size 32 to match size of target (11)
Warning (10230): Verilog HDL assignment warning at right.v(202): truncated value with size 32 to match size of target (4)
Warning (10230): Verilog HDL assignment warning at right.v(206): truncated value with size 32 to match size of target (4)
Warning (10230): Verilog HDL assignment warning at right.v(211): truncated value with size 32 to match size of target (4)
Warning (10230): Verilog HDL assignment warning at right.v(216): truncated value with size 32 to match size of target (2)
Info (10041): Inferred latch for "temp_select" at right.v(11)
Info: Registers with preset signals will power-up high
Info: 6 registers lost all their fanouts during netlist optimizations. The first 6 are displayed below.
    Info: Register "light_state~10" lost all its fanouts during netlist optimizations.
    Info: Register "light_state~11" lost all its fanouts during netlist optimizations.
    Info: Register "state~10" lost all its fanouts during netlist optimizations.
    Info: Register "state~11" lost all its fanouts during netlist optimizations.
    Info: Register "state~12" lost all its fanouts during netlist optimizations.
    Info: Register "state~13" lost all its fanouts during netlist optimizations.
Info: Implemented 281 device resources after synthesis - the final resource count might be different
    Info: Implemented 5 input pins
    Info: Implemented 38 output pins
    Info: Implemented 238 logic cells
Info: Generated suppressed messages file G:/richtig/right.map.smsg
Info: Quartus II Analysis & Synthesis was successful. 0 errors, 12 warnings
    Info: Peak virtual memory: 170 megabytes
    Info: Processing ended: Tue Jan 13 11:30:39 2015
    Info: Elapsed time: 00:00:12
    Info: Total CPU time (on all processors): 00:00:04


+------------------------------------------+
; Analysis & Synthesis Suppressed Messages ;
+------------------------------------------+
The suppressed messages can be found in G:/richtig/right.map.smsg.


