Classic Timing Analyzer report for right
Tue Jan 13 11:31:11 2015
Quartus II Version 9.0 Build 132 02/25/2009 SJ Full Version


---------------------
; Table of Contents ;
---------------------
  1. Legal Notice
  2. Timing Analyzer Summary
  3. Timing Analyzer Settings
  4. Clock Settings Summary
  5. Parallel Compilation
  6. Clock Setup: 'clk_16MHZ'
  7. Clock Setup: 'sig_KHZ'
  8. Clock Hold: 'clk_16MHZ'
  9. tsu
 10. tco
 11. th
 12. Timing Analyzer Messages



----------------
; Legal Notice ;
----------------
Copyright (C) 1991-2009 Altera Corporation
Your use of Altera Corporation's design tools, logic functions 
and other software and tools, and its AMPP partner logic 
functions, and any output files from any of the foregoing 
(including device programming or simulation files), and any 
associated documentation or information are expressly subject 
to the terms and conditions of the Altera Program License 
Subscription Agreement, Altera MegaCore Function License 
Agreement, or other applicable license agreement, including, 
without limitation, that your use is for the sole purpose of 
programming logic devices manufactured by Altera and sold by 
Altera or its authorized distributors.  Please refer to the 
applicable agreement for further details.



+---------------------------------------------------------------------------------------------------------------------------------------------------------------------------------------------------+
; Timing Analyzer Summary                                                                                                                                                                           ;
+------------------------------+------------------------------------------+---------------+----------------------------------+-------------+----------------+------------+-----------+--------------+
; Type                         ; Slack                                    ; Required Time ; Actual Time                      ; From        ; To             ; From Clock ; To Clock  ; Failed Paths ;
+------------------------------+------------------------------------------+---------------+----------------------------------+-------------+----------------+------------+-----------+--------------+
; Worst-case tsu               ; N/A                                      ; None          ; 4.611 ns                         ; sig_1HZ     ; N[3]~reg0      ; --         ; clk_16MHZ ; 0            ;
; Worst-case tco               ; N/A                                      ; None          ; 14.953 ns                        ; BCD[3]~reg0 ; Dout[0]        ; clk_16MHZ  ; --        ; 0            ;
; Worst-case th                ; N/A                                      ; None          ; 1.335 ns                         ; rst         ; decide         ; --         ; clk_16MHZ ; 0            ;
; Clock Setup: 'clk_16MHZ'     ; N/A                                      ; None          ; 70.26 MHz ( period = 14.233 ns ) ; qwe[1]      ; result[9]~reg0 ; clk_16MHZ  ; clk_16MHZ ; 0            ;
; Clock Setup: 'sig_KHZ'       ; N/A                                      ; None          ; 202.06 MHz ( period = 4.949 ns ) ; cnt[0]      ; cnt[10]        ; sig_KHZ    ; sig_KHZ   ; 0            ;
; Clock Hold: 'clk_16MHZ'      ; Not operational: Clock Skew > Data Delay ; None          ; N/A                              ; asd[9]      ; BCD[1]~reg0    ; clk_16MHZ  ; clk_16MHZ ; 14           ;
; Total number of failed paths ;                                          ;               ;                                  ;             ;                ;            ;           ; 14           ;
+------------------------------+------------------------------------------+---------------+----------------------------------+-------------+----------------+------------+-----------+--------------+


+--------------------------------------------------------------------------------------------------------------------+
; Timing Analyzer Settings                                                                                           ;
+---------------------------------------------------------------------+--------------------+------+----+-------------+
; Option                                                              ; Setting            ; From ; To ; Entity Name ;
+---------------------------------------------------------------------+--------------------+------+----+-------------+
; Device Name                                                         ; EPM240T100C5       ;      ;    ;             ;
; Timing Models                                                       ; Final              ;      ;    ;             ;
; Default hold multicycle                                             ; Same as Multicycle ;      ;    ;             ;
; Cut paths between unrelated clock domains                           ; On                 ;      ;    ;             ;
; Cut off read during write signal paths                              ; On                 ;      ;    ;             ;
; Cut off feedback from I/O pins                                      ; On                 ;      ;    ;             ;
; Report Combined Fast/Slow Timing                                    ; Off                ;      ;    ;             ;
; Ignore Clock Settings                                               ; Off                ;      ;    ;             ;
; Analyze latches as synchronous elements                             ; On                 ;      ;    ;             ;
; Enable Recovery/Removal analysis                                    ; Off                ;      ;    ;             ;
; Enable Clock Latency                                                ; Off                ;      ;    ;             ;
; Use TimeQuest Timing Analyzer                                       ; Off                ;      ;    ;             ;
; Minimum Core Junction Temperature                                   ; 0                  ;      ;    ;             ;
; Maximum Core Junction Temperature                                   ; 85                 ;      ;    ;             ;
; Number of source nodes to report per destination node               ; 10                 ;      ;    ;             ;
; Number of destination nodes to report                               ; 10                 ;      ;    ;             ;
; Number of paths to report                                           ; 200                ;      ;    ;             ;
; Report Minimum Timing Checks                                        ; Off                ;      ;    ;             ;
; Use Fast Timing Models                                              ; Off                ;      ;    ;             ;
; Report IO Paths Separately                                          ; Off                ;      ;    ;             ;
; Perform Multicorner Analysis                                        ; Off                ;      ;    ;             ;
; Reports the worst-case path for each clock domain and analysis      ; Off                ;      ;    ;             ;
; Removes common clock path pessimism (CCPP) during slack computation ; Off                ;      ;    ;             ;
; Output I/O Timing Endpoint                                          ; Near End           ;      ;    ;             ;
+---------------------------------------------------------------------+--------------------+------+----+-------------+


+------------------------------------------------------------------------------------------------------------------------------------------------------------------------------------+
; Clock Settings Summary                                                                                                                                                             ;
+-----------------+--------------------+----------+------------------+---------------+--------------+----------+-----------------------+---------------------+--------+--------------+
; Clock Node Name ; Clock Setting Name ; Type     ; Fmax Requirement ; Early Latency ; Late Latency ; Based on ; Multiply Base Fmax by ; Divide Base Fmax by ; Offset ; Phase offset ;
+-----------------+--------------------+----------+------------------+---------------+--------------+----------+-----------------------+---------------------+--------+--------------+
; clk_16MHZ       ;                    ; User Pin ; None             ; 0.000 ns      ; 0.000 ns     ; --       ; N/A                   ; N/A                 ; N/A    ;              ;
; sig_KHZ         ;                    ; User Pin ; None             ; 0.000 ns      ; 0.000 ns     ; --       ; N/A                   ; N/A                 ; N/A    ;              ;
; rst             ;                    ; User Pin ; None             ; 0.000 ns      ; 0.000 ns     ; --       ; N/A                   ; N/A                 ; N/A    ;              ;
+-----------------+--------------------+----------+------------------+---------------+--------------+----------+-----------------------+---------------------+--------+--------------+


+------------------------------------------+
; Parallel Compilation                     ;
+----------------------------+-------------+
; Processors                 ; Number      ;
+----------------------------+-------------+
; Number detected on machine ; 2           ;
; Maximum allowed            ; 2           ;
;                            ;             ;
; Average used               ; 1.00        ;
; Maximum used               ; 1           ;
;                            ;             ;
; Usage by Processor         ; % Time Used ;
;     1 processor            ; 100.0%      ;
;     2 processors           ;   0.0%      ;
+----------------------------+-------------+


+------------------------------------------------------------------------------------------------------------------------------------------------------------------------------------------------------------------------------------------+
; Clock Setup: 'clk_16MHZ'                                                                                                                                                                                                                 ;
+-----------------------------------------+-----------------------------------------------------+-----------+-----------------+------------+-----------+-----------------------------+---------------------------+-------------------------+
; Slack                                   ; Actual fmax (period)                                ; From      ; To              ; From Clock ; To Clock  ; Required Setup Relationship ; Required Longest P2P Time ; Actual Longest P2P Time ;
+-----------------------------------------+-----------------------------------------------------+-----------+-----------------+------------+-----------+-----------------------------+---------------------------+-------------------------+
; N/A                                     ; 70.26 MHz ( period = 14.233 ns )                    ; qwe[1]    ; result[5]~reg0  ; clk_16MHZ  ; clk_16MHZ ; None                        ; None                      ; 13.524 ns               ;
; N/A                                     ; 70.26 MHz ( period = 14.233 ns )                    ; qwe[1]    ; result[6]~reg0  ; clk_16MHZ  ; clk_16MHZ ; None                        ; None                      ; 13.524 ns               ;
; N/A                                     ; 70.26 MHz ( period = 14.233 ns )                    ; qwe[1]    ; result[7]~reg0  ; clk_16MHZ  ; clk_16MHZ ; None                        ; None                      ; 13.524 ns               ;
; N/A                                     ; 70.26 MHz ( period = 14.233 ns )                    ; qwe[1]    ; result[8]~reg0  ; clk_16MHZ  ; clk_16MHZ ; None                        ; None                      ; 13.524 ns               ;
; N/A                                     ; 70.26 MHz ( period = 14.233 ns )                    ; qwe[1]    ; result[9]~reg0  ; clk_16MHZ  ; clk_16MHZ ; None                        ; None                      ; 13.524 ns               ;
; N/A                                     ; 70.32 MHz ( period = 14.220 ns )                    ; qwe[1]    ; result[10]~reg0 ; clk_16MHZ  ; clk_16MHZ ; None                        ; None                      ; 13.511 ns               ;
; N/A                                     ; 71.24 MHz ( period = 14.038 ns )                    ; qwe[0]    ; result[5]~reg0  ; clk_16MHZ  ; clk_16MHZ ; None                        ; None                      ; 13.329 ns               ;
; N/A                                     ; 71.24 MHz ( period = 14.038 ns )                    ; qwe[0]    ; result[6]~reg0  ; clk_16MHZ  ; clk_16MHZ ; None                        ; None                      ; 13.329 ns               ;
; N/A                                     ; 71.24 MHz ( period = 14.038 ns )                    ; qwe[0]    ; result[7]~reg0  ; clk_16MHZ  ; clk_16MHZ ; None                        ; None                      ; 13.329 ns               ;
; N/A                                     ; 71.24 MHz ( period = 14.038 ns )                    ; qwe[0]    ; result[8]~reg0  ; clk_16MHZ  ; clk_16MHZ ; None                        ; None                      ; 13.329 ns               ;
; N/A                                     ; 71.24 MHz ( period = 14.038 ns )                    ; qwe[0]    ; result[9]~reg0  ; clk_16MHZ  ; clk_16MHZ ; None                        ; None                      ; 13.329 ns               ;
; N/A                                     ; 71.30 MHz ( period = 14.025 ns )                    ; qwe[0]    ; result[10]~reg0 ; clk_16MHZ  ; clk_16MHZ ; None                        ; None                      ; 13.316 ns               ;
; N/A                                     ; 71.61 MHz ( period = 13.965 ns )                    ; qwe[4]    ; result[5]~reg0  ; clk_16MHZ  ; clk_16MHZ ; None                        ; None                      ; 13.256 ns               ;
; N/A                                     ; 71.61 MHz ( period = 13.965 ns )                    ; qwe[4]    ; result[6]~reg0  ; clk_16MHZ  ; clk_16MHZ ; None                        ; None                      ; 13.256 ns               ;
; N/A                                     ; 71.61 MHz ( period = 13.965 ns )                    ; qwe[4]    ; result[7]~reg0  ; clk_16MHZ  ; clk_16MHZ ; None                        ; None                      ; 13.256 ns               ;
; N/A                                     ; 71.61 MHz ( period = 13.965 ns )                    ; qwe[4]    ; result[8]~reg0  ; clk_16MHZ  ; clk_16MHZ ; None                        ; None                      ; 13.256 ns               ;
; N/A                                     ; 71.61 MHz ( period = 13.965 ns )                    ; qwe[4]    ; result[9]~reg0  ; clk_16MHZ  ; clk_16MHZ ; None                        ; None                      ; 13.256 ns               ;
; N/A                                     ; 71.67 MHz ( period = 13.952 ns )                    ; qwe[4]    ; result[10]~reg0 ; clk_16MHZ  ; clk_16MHZ ; None                        ; None                      ; 13.243 ns               ;
; N/A                                     ; 73.06 MHz ( period = 13.688 ns )                    ; N[4]~reg0 ; result[5]~reg0  ; clk_16MHZ  ; clk_16MHZ ; None                        ; None                      ; 12.979 ns               ;
; N/A                                     ; 73.06 MHz ( period = 13.688 ns )                    ; N[4]~reg0 ; result[6]~reg0  ; clk_16MHZ  ; clk_16MHZ ; None                        ; None                      ; 12.979 ns               ;
; N/A                                     ; 73.06 MHz ( period = 13.688 ns )                    ; N[4]~reg0 ; result[7]~reg0  ; clk_16MHZ  ; clk_16MHZ ; None                        ; None                      ; 12.979 ns               ;
; N/A                                     ; 73.06 MHz ( period = 13.688 ns )                    ; N[4]~reg0 ; result[8]~reg0  ; clk_16MHZ  ; clk_16MHZ ; None                        ; None                      ; 12.979 ns               ;
; N/A                                     ; 73.06 MHz ( period = 13.688 ns )                    ; N[4]~reg0 ; result[9]~reg0  ; clk_16MHZ  ; clk_16MHZ ; None                        ; None                      ; 12.979 ns               ;
; N/A                                     ; 73.13 MHz ( period = 13.675 ns )                    ; N[4]~reg0 ; result[10]~reg0 ; clk_16MHZ  ; clk_16MHZ ; None                        ; None                      ; 12.966 ns               ;
; N/A                                     ; 73.25 MHz ( period = 13.652 ns )                    ; qwe[2]    ; result[5]~reg0  ; clk_16MHZ  ; clk_16MHZ ; None                        ; None                      ; 12.943 ns               ;
; N/A                                     ; 73.25 MHz ( period = 13.652 ns )                    ; qwe[2]    ; result[6]~reg0  ; clk_16MHZ  ; clk_16MHZ ; None                        ; None                      ; 12.943 ns               ;
; N/A                                     ; 73.25 MHz ( period = 13.652 ns )                    ; qwe[2]    ; result[7]~reg0  ; clk_16MHZ  ; clk_16MHZ ; None                        ; None                      ; 12.943 ns               ;
; N/A                                     ; 73.25 MHz ( period = 13.652 ns )                    ; qwe[2]    ; result[8]~reg0  ; clk_16MHZ  ; clk_16MHZ ; None                        ; None                      ; 12.943 ns               ;
; N/A                                     ; 73.25 MHz ( period = 13.652 ns )                    ; qwe[2]    ; result[9]~reg0  ; clk_16MHZ  ; clk_16MHZ ; None                        ; None                      ; 12.943 ns               ;
; N/A                                     ; 73.32 MHz ( period = 13.639 ns )                    ; qwe[2]    ; result[10]~reg0 ; clk_16MHZ  ; clk_16MHZ ; None                        ; None                      ; 12.930 ns               ;
; N/A                                     ; 73.84 MHz ( period = 13.542 ns )                    ; N[5]~reg0 ; result[5]~reg0  ; clk_16MHZ  ; clk_16MHZ ; None                        ; None                      ; 12.833 ns               ;
; N/A                                     ; 73.84 MHz ( period = 13.542 ns )                    ; N[5]~reg0 ; result[6]~reg0  ; clk_16MHZ  ; clk_16MHZ ; None                        ; None                      ; 12.833 ns               ;
; N/A                                     ; 73.84 MHz ( period = 13.542 ns )                    ; N[5]~reg0 ; result[7]~reg0  ; clk_16MHZ  ; clk_16MHZ ; None                        ; None                      ; 12.833 ns               ;
; N/A                                     ; 73.84 MHz ( period = 13.542 ns )                    ; N[5]~reg0 ; result[8]~reg0  ; clk_16MHZ  ; clk_16MHZ ; None                        ; None                      ; 12.833 ns               ;
; N/A                                     ; 73.84 MHz ( period = 13.542 ns )                    ; N[5]~reg0 ; result[9]~reg0  ; clk_16MHZ  ; clk_16MHZ ; None                        ; None                      ; 12.833 ns               ;
; N/A                                     ; 73.87 MHz ( period = 13.538 ns )                    ; qwe[5]    ; result[5]~reg0  ; clk_16MHZ  ; clk_16MHZ ; None                        ; None                      ; 12.829 ns               ;
; N/A                                     ; 73.87 MHz ( period = 13.538 ns )                    ; qwe[5]    ; result[6]~reg0  ; clk_16MHZ  ; clk_16MHZ ; None                        ; None                      ; 12.829 ns               ;
; N/A                                     ; 73.87 MHz ( period = 13.538 ns )                    ; qwe[5]    ; result[7]~reg0  ; clk_16MHZ  ; clk_16MHZ ; None                        ; None                      ; 12.829 ns               ;
; N/A                                     ; 73.87 MHz ( period = 13.538 ns )                    ; qwe[5]    ; result[8]~reg0  ; clk_16MHZ  ; clk_16MHZ ; None                        ; None                      ; 12.829 ns               ;
; N/A                                     ; 73.87 MHz ( period = 13.538 ns )                    ; qwe[5]    ; result[9]~reg0  ; clk_16MHZ  ; clk_16MHZ ; None                        ; None                      ; 12.829 ns               ;
; N/A                                     ; 73.92 MHz ( period = 13.529 ns )                    ; N[5]~reg0 ; result[10]~reg0 ; clk_16MHZ  ; clk_16MHZ ; None                        ; None                      ; 12.820 ns               ;
; N/A                                     ; 73.94 MHz ( period = 13.525 ns )                    ; qwe[5]    ; result[10]~reg0 ; clk_16MHZ  ; clk_16MHZ ; None                        ; None                      ; 12.816 ns               ;
; N/A                                     ; 74.23 MHz ( period = 13.471 ns )                    ; qwe[9]    ; result[5]~reg0  ; clk_16MHZ  ; clk_16MHZ ; None                        ; None                      ; 12.762 ns               ;
; N/A                                     ; 74.23 MHz ( period = 13.471 ns )                    ; qwe[9]    ; result[6]~reg0  ; clk_16MHZ  ; clk_16MHZ ; None                        ; None                      ; 12.762 ns               ;
; N/A                                     ; 74.23 MHz ( period = 13.471 ns )                    ; qwe[9]    ; result[7]~reg0  ; clk_16MHZ  ; clk_16MHZ ; None                        ; None                      ; 12.762 ns               ;
; N/A                                     ; 74.23 MHz ( period = 13.471 ns )                    ; qwe[9]    ; result[8]~reg0  ; clk_16MHZ  ; clk_16MHZ ; None                        ; None                      ; 12.762 ns               ;
; N/A                                     ; 74.23 MHz ( period = 13.471 ns )                    ; qwe[9]    ; result[9]~reg0  ; clk_16MHZ  ; clk_16MHZ ; None                        ; None                      ; 12.762 ns               ;
; N/A                                     ; 74.31 MHz ( period = 13.458 ns )                    ; qwe[9]    ; result[10]~reg0 ; clk_16MHZ  ; clk_16MHZ ; None                        ; None                      ; 12.749 ns               ;
; N/A                                     ; 74.79 MHz ( period = 13.370 ns )                    ; qwe[6]    ; result[5]~reg0  ; clk_16MHZ  ; clk_16MHZ ; None                        ; None                      ; 12.661 ns               ;
; N/A                                     ; 74.79 MHz ( period = 13.370 ns )                    ; qwe[6]    ; result[6]~reg0  ; clk_16MHZ  ; clk_16MHZ ; None                        ; None                      ; 12.661 ns               ;
; N/A                                     ; 74.79 MHz ( period = 13.370 ns )                    ; qwe[6]    ; result[7]~reg0  ; clk_16MHZ  ; clk_16MHZ ; None                        ; None                      ; 12.661 ns               ;
; N/A                                     ; 74.79 MHz ( period = 13.370 ns )                    ; qwe[6]    ; result[8]~reg0  ; clk_16MHZ  ; clk_16MHZ ; None                        ; None                      ; 12.661 ns               ;
; N/A                                     ; 74.79 MHz ( period = 13.370 ns )                    ; qwe[6]    ; result[9]~reg0  ; clk_16MHZ  ; clk_16MHZ ; None                        ; None                      ; 12.661 ns               ;
; N/A                                     ; 74.80 MHz ( period = 13.369 ns )                    ; qwe[1]    ; result[4]~reg0  ; clk_16MHZ  ; clk_16MHZ ; None                        ; None                      ; 12.660 ns               ;
; N/A                                     ; 74.87 MHz ( period = 13.357 ns )                    ; qwe[6]    ; result[10]~reg0 ; clk_16MHZ  ; clk_16MHZ ; None                        ; None                      ; 12.648 ns               ;
; N/A                                     ; 75.15 MHz ( period = 13.306 ns )                    ; qwe[8]    ; result[5]~reg0  ; clk_16MHZ  ; clk_16MHZ ; None                        ; None                      ; 12.597 ns               ;
; N/A                                     ; 75.15 MHz ( period = 13.306 ns )                    ; qwe[8]    ; result[6]~reg0  ; clk_16MHZ  ; clk_16MHZ ; None                        ; None                      ; 12.597 ns               ;
; N/A                                     ; 75.15 MHz ( period = 13.306 ns )                    ; qwe[8]    ; result[7]~reg0  ; clk_16MHZ  ; clk_16MHZ ; None                        ; None                      ; 12.597 ns               ;
; N/A                                     ; 75.15 MHz ( period = 13.306 ns )                    ; qwe[8]    ; result[8]~reg0  ; clk_16MHZ  ; clk_16MHZ ; None                        ; None                      ; 12.597 ns               ;
; N/A                                     ; 75.15 MHz ( period = 13.306 ns )                    ; qwe[8]    ; result[9]~reg0  ; clk_16MHZ  ; clk_16MHZ ; None                        ; None                      ; 12.597 ns               ;
; N/A                                     ; 75.19 MHz ( period = 13.299 ns )                    ; qwe[3]    ; result[5]~reg0  ; clk_16MHZ  ; clk_16MHZ ; None                        ; None                      ; 12.590 ns               ;
; N/A                                     ; 75.19 MHz ( period = 13.299 ns )                    ; qwe[3]    ; result[6]~reg0  ; clk_16MHZ  ; clk_16MHZ ; None                        ; None                      ; 12.590 ns               ;
; N/A                                     ; 75.19 MHz ( period = 13.299 ns )                    ; qwe[3]    ; result[7]~reg0  ; clk_16MHZ  ; clk_16MHZ ; None                        ; None                      ; 12.590 ns               ;
; N/A                                     ; 75.19 MHz ( period = 13.299 ns )                    ; qwe[3]    ; result[8]~reg0  ; clk_16MHZ  ; clk_16MHZ ; None                        ; None                      ; 12.590 ns               ;
; N/A                                     ; 75.19 MHz ( period = 13.299 ns )                    ; qwe[3]    ; result[9]~reg0  ; clk_16MHZ  ; clk_16MHZ ; None                        ; None                      ; 12.590 ns               ;
; N/A                                     ; 75.23 MHz ( period = 13.293 ns )                    ; qwe[8]    ; result[10]~reg0 ; clk_16MHZ  ; clk_16MHZ ; None                        ; None                      ; 12.584 ns               ;
; N/A                                     ; 75.27 MHz ( period = 13.286 ns )                    ; qwe[3]    ; result[10]~reg0 ; clk_16MHZ  ; clk_16MHZ ; None                        ; None                      ; 12.577 ns               ;
; N/A                                     ; 75.47 MHz ( period = 13.251 ns )                    ; qwe[7]    ; result[5]~reg0  ; clk_16MHZ  ; clk_16MHZ ; None                        ; None                      ; 12.542 ns               ;
; N/A                                     ; 75.47 MHz ( period = 13.251 ns )                    ; qwe[7]    ; result[6]~reg0  ; clk_16MHZ  ; clk_16MHZ ; None                        ; None                      ; 12.542 ns               ;
; N/A                                     ; 75.47 MHz ( period = 13.251 ns )                    ; qwe[7]    ; result[7]~reg0  ; clk_16MHZ  ; clk_16MHZ ; None                        ; None                      ; 12.542 ns               ;
; N/A                                     ; 75.47 MHz ( period = 13.251 ns )                    ; qwe[7]    ; result[8]~reg0  ; clk_16MHZ  ; clk_16MHZ ; None                        ; None                      ; 12.542 ns               ;
; N/A                                     ; 75.47 MHz ( period = 13.251 ns )                    ; qwe[7]    ; result[9]~reg0  ; clk_16MHZ  ; clk_16MHZ ; None                        ; None                      ; 12.542 ns               ;
; N/A                                     ; 75.49 MHz ( period = 13.246 ns )                    ; qwe[1]    ; result[3]~reg0  ; clk_16MHZ  ; clk_16MHZ ; None                        ; None                      ; 12.537 ns               ;
; N/A                                     ; 75.54 MHz ( period = 13.238 ns )                    ; qwe[7]    ; result[10]~reg0 ; clk_16MHZ  ; clk_16MHZ ; None                        ; None                      ; 12.529 ns               ;
; N/A                                     ; 75.91 MHz ( period = 13.174 ns )                    ; qwe[0]    ; result[4]~reg0  ; clk_16MHZ  ; clk_16MHZ ; None                        ; None                      ; 12.465 ns               ;
; N/A                                     ; 76.20 MHz ( period = 13.123 ns )                    ; qwe[1]    ; result[2]~reg0  ; clk_16MHZ  ; clk_16MHZ ; None                        ; None                      ; 12.414 ns               ;
; N/A                                     ; 76.33 MHz ( period = 13.101 ns )                    ; qwe[4]    ; result[4]~reg0  ; clk_16MHZ  ; clk_16MHZ ; None                        ; None                      ; 12.392 ns               ;
; N/A                                     ; 76.62 MHz ( period = 13.051 ns )                    ; qwe[0]    ; result[3]~reg0  ; clk_16MHZ  ; clk_16MHZ ; None                        ; None                      ; 12.342 ns               ;
; N/A                                     ; 76.92 MHz ( period = 13.000 ns )                    ; qwe[1]    ; result[1]~reg0  ; clk_16MHZ  ; clk_16MHZ ; None                        ; None                      ; 12.291 ns               ;
; N/A                                     ; 77.05 MHz ( period = 12.978 ns )                    ; qwe[4]    ; result[3]~reg0  ; clk_16MHZ  ; clk_16MHZ ; None                        ; None                      ; 12.269 ns               ;
; N/A                                     ; 77.27 MHz ( period = 12.941 ns )                    ; qwe[1]    ; qwe[18]         ; clk_16MHZ  ; clk_16MHZ ; None                        ; None                      ; 12.232 ns               ;
; N/A                                     ; 77.27 MHz ( period = 12.941 ns )                    ; qwe[1]    ; qwe[19]         ; clk_16MHZ  ; clk_16MHZ ; None                        ; None                      ; 12.232 ns               ;
; N/A                                     ; 77.27 MHz ( period = 12.941 ns )                    ; qwe[1]    ; qwe[10]         ; clk_16MHZ  ; clk_16MHZ ; None                        ; None                      ; 12.232 ns               ;
; N/A                                     ; 77.27 MHz ( period = 12.941 ns )                    ; qwe[1]    ; qwe[11]         ; clk_16MHZ  ; clk_16MHZ ; None                        ; None                      ; 12.232 ns               ;
; N/A                                     ; 77.27 MHz ( period = 12.941 ns )                    ; qwe[1]    ; qwe[12]         ; clk_16MHZ  ; clk_16MHZ ; None                        ; None                      ; 12.232 ns               ;
; N/A                                     ; 77.27 MHz ( period = 12.941 ns )                    ; qwe[1]    ; qwe[13]         ; clk_16MHZ  ; clk_16MHZ ; None                        ; None                      ; 12.232 ns               ;
; N/A                                     ; 77.27 MHz ( period = 12.941 ns )                    ; qwe[1]    ; qwe[14]         ; clk_16MHZ  ; clk_16MHZ ; None                        ; None                      ; 12.232 ns               ;
; N/A                                     ; 77.27 MHz ( period = 12.941 ns )                    ; qwe[1]    ; qwe[15]         ; clk_16MHZ  ; clk_16MHZ ; None                        ; None                      ; 12.232 ns               ;
; N/A                                     ; 77.27 MHz ( period = 12.941 ns )                    ; qwe[1]    ; qwe[16]         ; clk_16MHZ  ; clk_16MHZ ; None                        ; None                      ; 12.232 ns               ;
; N/A                                     ; 77.27 MHz ( period = 12.941 ns )                    ; qwe[1]    ; qwe[17]         ; clk_16MHZ  ; clk_16MHZ ; None                        ; None                      ; 12.232 ns               ;
; N/A                                     ; 77.35 MHz ( period = 12.928 ns )                    ; qwe[0]    ; result[2]~reg0  ; clk_16MHZ  ; clk_16MHZ ; None                        ; None                      ; 12.219 ns               ;
; N/A                                     ; 77.79 MHz ( period = 12.855 ns )                    ; qwe[4]    ; result[2]~reg0  ; clk_16MHZ  ; clk_16MHZ ; None                        ; None                      ; 12.146 ns               ;
; N/A                                     ; 77.98 MHz ( period = 12.824 ns )                    ; N[4]~reg0 ; result[4]~reg0  ; clk_16MHZ  ; clk_16MHZ ; None                        ; None                      ; 12.115 ns               ;
; N/A                                     ; 77.99 MHz ( period = 12.822 ns )                    ; N[1]~reg0 ; result[5]~reg0  ; clk_16MHZ  ; clk_16MHZ ; None                        ; None                      ; 12.113 ns               ;
; N/A                                     ; 77.99 MHz ( period = 12.822 ns )                    ; N[1]~reg0 ; result[6]~reg0  ; clk_16MHZ  ; clk_16MHZ ; None                        ; None                      ; 12.113 ns               ;
; N/A                                     ; 77.99 MHz ( period = 12.822 ns )                    ; N[1]~reg0 ; result[7]~reg0  ; clk_16MHZ  ; clk_16MHZ ; None                        ; None                      ; 12.113 ns               ;
; N/A                                     ; 77.99 MHz ( period = 12.822 ns )                    ; N[1]~reg0 ; result[8]~reg0  ; clk_16MHZ  ; clk_16MHZ ; None                        ; None                      ; 12.113 ns               ;
; N/A                                     ; 77.99 MHz ( period = 12.822 ns )                    ; N[1]~reg0 ; result[9]~reg0  ; clk_16MHZ  ; clk_16MHZ ; None                        ; None                      ; 12.113 ns               ;
; N/A                                     ; 78.07 MHz ( period = 12.809 ns )                    ; N[1]~reg0 ; result[10]~reg0 ; clk_16MHZ  ; clk_16MHZ ; None                        ; None                      ; 12.100 ns               ;
; N/A                                     ; 78.09 MHz ( period = 12.805 ns )                    ; qwe[0]    ; result[1]~reg0  ; clk_16MHZ  ; clk_16MHZ ; None                        ; None                      ; 12.096 ns               ;
; N/A                                     ; 78.20 MHz ( period = 12.788 ns )                    ; qwe[2]    ; result[4]~reg0  ; clk_16MHZ  ; clk_16MHZ ; None                        ; None                      ; 12.079 ns               ;
; N/A                                     ; 78.46 MHz ( period = 12.746 ns )                    ; qwe[0]    ; qwe[18]         ; clk_16MHZ  ; clk_16MHZ ; None                        ; None                      ; 12.037 ns               ;
; N/A                                     ; 78.46 MHz ( period = 12.746 ns )                    ; qwe[0]    ; qwe[19]         ; clk_16MHZ  ; clk_16MHZ ; None                        ; None                      ; 12.037 ns               ;
; N/A                                     ; 78.46 MHz ( period = 12.746 ns )                    ; qwe[0]    ; qwe[10]         ; clk_16MHZ  ; clk_16MHZ ; None                        ; None                      ; 12.037 ns               ;
; N/A                                     ; 78.46 MHz ( period = 12.746 ns )                    ; qwe[0]    ; qwe[11]         ; clk_16MHZ  ; clk_16MHZ ; None                        ; None                      ; 12.037 ns               ;
; N/A                                     ; 78.46 MHz ( period = 12.746 ns )                    ; qwe[0]    ; qwe[12]         ; clk_16MHZ  ; clk_16MHZ ; None                        ; None                      ; 12.037 ns               ;
; N/A                                     ; 78.46 MHz ( period = 12.746 ns )                    ; qwe[0]    ; qwe[13]         ; clk_16MHZ  ; clk_16MHZ ; None                        ; None                      ; 12.037 ns               ;
; N/A                                     ; 78.46 MHz ( period = 12.746 ns )                    ; qwe[0]    ; qwe[14]         ; clk_16MHZ  ; clk_16MHZ ; None                        ; None                      ; 12.037 ns               ;
; N/A                                     ; 78.46 MHz ( period = 12.746 ns )                    ; qwe[0]    ; qwe[15]         ; clk_16MHZ  ; clk_16MHZ ; None                        ; None                      ; 12.037 ns               ;
; N/A                                     ; 78.46 MHz ( period = 12.746 ns )                    ; qwe[0]    ; qwe[16]         ; clk_16MHZ  ; clk_16MHZ ; None                        ; None                      ; 12.037 ns               ;
; N/A                                     ; 78.46 MHz ( period = 12.746 ns )                    ; qwe[0]    ; qwe[17]         ; clk_16MHZ  ; clk_16MHZ ; None                        ; None                      ; 12.037 ns               ;
; N/A                                     ; 78.52 MHz ( period = 12.735 ns )                    ; N[0]~reg0 ; result[5]~reg0  ; clk_16MHZ  ; clk_16MHZ ; None                        ; None                      ; 12.026 ns               ;
; N/A                                     ; 78.52 MHz ( period = 12.735 ns )                    ; N[0]~reg0 ; result[6]~reg0  ; clk_16MHZ  ; clk_16MHZ ; None                        ; None                      ; 12.026 ns               ;
; N/A                                     ; 78.52 MHz ( period = 12.735 ns )                    ; N[0]~reg0 ; result[7]~reg0  ; clk_16MHZ  ; clk_16MHZ ; None                        ; None                      ; 12.026 ns               ;
; N/A                                     ; 78.52 MHz ( period = 12.735 ns )                    ; N[0]~reg0 ; result[8]~reg0  ; clk_16MHZ  ; clk_16MHZ ; None                        ; None                      ; 12.026 ns               ;
; N/A                                     ; 78.52 MHz ( period = 12.735 ns )                    ; N[0]~reg0 ; result[9]~reg0  ; clk_16MHZ  ; clk_16MHZ ; None                        ; None                      ; 12.026 ns               ;
; N/A                                     ; 78.54 MHz ( period = 12.732 ns )                    ; qwe[4]    ; result[1]~reg0  ; clk_16MHZ  ; clk_16MHZ ; None                        ; None                      ; 12.023 ns               ;
; N/A                                     ; 78.60 MHz ( period = 12.722 ns )                    ; N[0]~reg0 ; result[10]~reg0 ; clk_16MHZ  ; clk_16MHZ ; None                        ; None                      ; 12.013 ns               ;
; N/A                                     ; 78.73 MHz ( period = 12.701 ns )                    ; N[4]~reg0 ; result[3]~reg0  ; clk_16MHZ  ; clk_16MHZ ; None                        ; None                      ; 11.992 ns               ;
; N/A                                     ; 78.88 MHz ( period = 12.678 ns )                    ; N[5]~reg0 ; result[4]~reg0  ; clk_16MHZ  ; clk_16MHZ ; None                        ; None                      ; 11.969 ns               ;
; N/A                                     ; 78.90 MHz ( period = 12.674 ns )                    ; qwe[5]    ; result[4]~reg0  ; clk_16MHZ  ; clk_16MHZ ; None                        ; None                      ; 11.965 ns               ;
; N/A                                     ; 78.91 MHz ( period = 12.673 ns )                    ; qwe[4]    ; qwe[18]         ; clk_16MHZ  ; clk_16MHZ ; None                        ; None                      ; 11.964 ns               ;
; N/A                                     ; 78.91 MHz ( period = 12.673 ns )                    ; qwe[4]    ; qwe[19]         ; clk_16MHZ  ; clk_16MHZ ; None                        ; None                      ; 11.964 ns               ;
; N/A                                     ; 78.91 MHz ( period = 12.673 ns )                    ; qwe[4]    ; qwe[10]         ; clk_16MHZ  ; clk_16MHZ ; None                        ; None                      ; 11.964 ns               ;
; N/A                                     ; 78.91 MHz ( period = 12.673 ns )                    ; qwe[4]    ; qwe[11]         ; clk_16MHZ  ; clk_16MHZ ; None                        ; None                      ; 11.964 ns               ;
; N/A                                     ; 78.91 MHz ( period = 12.673 ns )                    ; qwe[4]    ; qwe[12]         ; clk_16MHZ  ; clk_16MHZ ; None                        ; None                      ; 11.964 ns               ;
; N/A                                     ; 78.91 MHz ( period = 12.673 ns )                    ; qwe[4]    ; qwe[13]         ; clk_16MHZ  ; clk_16MHZ ; None                        ; None                      ; 11.964 ns               ;
; N/A                                     ; 78.91 MHz ( period = 12.673 ns )                    ; qwe[4]    ; qwe[14]         ; clk_16MHZ  ; clk_16MHZ ; None                        ; None                      ; 11.964 ns               ;
; N/A                                     ; 78.91 MHz ( period = 12.673 ns )                    ; qwe[4]    ; qwe[15]         ; clk_16MHZ  ; clk_16MHZ ; None                        ; None                      ; 11.964 ns               ;
; N/A                                     ; 78.91 MHz ( period = 12.673 ns )                    ; qwe[4]    ; qwe[16]         ; clk_16MHZ  ; clk_16MHZ ; None                        ; None                      ; 11.964 ns               ;
; N/A                                     ; 78.91 MHz ( period = 12.673 ns )                    ; qwe[4]    ; qwe[17]         ; clk_16MHZ  ; clk_16MHZ ; None                        ; None                      ; 11.964 ns               ;
; N/A                                     ; 78.95 MHz ( period = 12.667 ns )                    ; N[6]~reg0 ; result[5]~reg0  ; clk_16MHZ  ; clk_16MHZ ; None                        ; None                      ; 11.958 ns               ;
; N/A                                     ; 78.95 MHz ( period = 12.667 ns )                    ; N[6]~reg0 ; result[6]~reg0  ; clk_16MHZ  ; clk_16MHZ ; None                        ; None                      ; 11.958 ns               ;
; N/A                                     ; 78.95 MHz ( period = 12.667 ns )                    ; N[6]~reg0 ; result[7]~reg0  ; clk_16MHZ  ; clk_16MHZ ; None                        ; None                      ; 11.958 ns               ;
; N/A                                     ; 78.95 MHz ( period = 12.667 ns )                    ; N[6]~reg0 ; result[8]~reg0  ; clk_16MHZ  ; clk_16MHZ ; None                        ; None                      ; 11.958 ns               ;
; N/A                                     ; 78.95 MHz ( period = 12.667 ns )                    ; N[6]~reg0 ; result[9]~reg0  ; clk_16MHZ  ; clk_16MHZ ; None                        ; None                      ; 11.958 ns               ;
; N/A                                     ; 78.96 MHz ( period = 12.665 ns )                    ; qwe[2]    ; result[3]~reg0  ; clk_16MHZ  ; clk_16MHZ ; None                        ; None                      ; 11.956 ns               ;
; N/A                                     ; 79.03 MHz ( period = 12.654 ns )                    ; N[6]~reg0 ; result[10]~reg0 ; clk_16MHZ  ; clk_16MHZ ; None                        ; None                      ; 11.945 ns               ;
; N/A                                     ; 79.32 MHz ( period = 12.607 ns )                    ; qwe[9]    ; result[4]~reg0  ; clk_16MHZ  ; clk_16MHZ ; None                        ; None                      ; 11.898 ns               ;
; N/A                                     ; 79.50 MHz ( period = 12.578 ns )                    ; N[4]~reg0 ; result[2]~reg0  ; clk_16MHZ  ; clk_16MHZ ; None                        ; None                      ; 11.869 ns               ;
; N/A                                     ; 79.52 MHz ( period = 12.575 ns )                    ; N[3]~reg0 ; result[5]~reg0  ; clk_16MHZ  ; clk_16MHZ ; None                        ; None                      ; 11.866 ns               ;
; N/A                                     ; 79.52 MHz ( period = 12.575 ns )                    ; N[3]~reg0 ; result[6]~reg0  ; clk_16MHZ  ; clk_16MHZ ; None                        ; None                      ; 11.866 ns               ;
; N/A                                     ; 79.52 MHz ( period = 12.575 ns )                    ; N[3]~reg0 ; result[7]~reg0  ; clk_16MHZ  ; clk_16MHZ ; None                        ; None                      ; 11.866 ns               ;
; N/A                                     ; 79.52 MHz ( period = 12.575 ns )                    ; N[3]~reg0 ; result[8]~reg0  ; clk_16MHZ  ; clk_16MHZ ; None                        ; None                      ; 11.866 ns               ;
; N/A                                     ; 79.52 MHz ( period = 12.575 ns )                    ; N[3]~reg0 ; result[9]~reg0  ; clk_16MHZ  ; clk_16MHZ ; None                        ; None                      ; 11.866 ns               ;
; N/A                                     ; 79.61 MHz ( period = 12.562 ns )                    ; N[3]~reg0 ; result[10]~reg0 ; clk_16MHZ  ; clk_16MHZ ; None                        ; None                      ; 11.853 ns               ;
; N/A                                     ; 79.65 MHz ( period = 12.555 ns )                    ; N[5]~reg0 ; result[3]~reg0  ; clk_16MHZ  ; clk_16MHZ ; None                        ; None                      ; 11.846 ns               ;
; N/A                                     ; 79.67 MHz ( period = 12.551 ns )                    ; qwe[5]    ; result[3]~reg0  ; clk_16MHZ  ; clk_16MHZ ; None                        ; None                      ; 11.842 ns               ;
; N/A                                     ; 79.70 MHz ( period = 12.547 ns )                    ; N[7]~reg0 ; result[5]~reg0  ; clk_16MHZ  ; clk_16MHZ ; None                        ; None                      ; 11.838 ns               ;
; N/A                                     ; 79.70 MHz ( period = 12.547 ns )                    ; N[7]~reg0 ; result[6]~reg0  ; clk_16MHZ  ; clk_16MHZ ; None                        ; None                      ; 11.838 ns               ;
; N/A                                     ; 79.70 MHz ( period = 12.547 ns )                    ; N[7]~reg0 ; result[7]~reg0  ; clk_16MHZ  ; clk_16MHZ ; None                        ; None                      ; 11.838 ns               ;
; N/A                                     ; 79.70 MHz ( period = 12.547 ns )                    ; N[7]~reg0 ; result[8]~reg0  ; clk_16MHZ  ; clk_16MHZ ; None                        ; None                      ; 11.838 ns               ;
; N/A                                     ; 79.70 MHz ( period = 12.547 ns )                    ; N[7]~reg0 ; result[9]~reg0  ; clk_16MHZ  ; clk_16MHZ ; None                        ; None                      ; 11.838 ns               ;
; N/A                                     ; 79.73 MHz ( period = 12.542 ns )                    ; qwe[2]    ; result[2]~reg0  ; clk_16MHZ  ; clk_16MHZ ; None                        ; None                      ; 11.833 ns               ;
; N/A                                     ; 79.78 MHz ( period = 12.534 ns )                    ; N[7]~reg0 ; result[10]~reg0 ; clk_16MHZ  ; clk_16MHZ ; None                        ; None                      ; 11.825 ns               ;
; N/A                                     ; 79.96 MHz ( period = 12.506 ns )                    ; qwe[6]    ; result[4]~reg0  ; clk_16MHZ  ; clk_16MHZ ; None                        ; None                      ; 11.797 ns               ;
; N/A                                     ; 79.96 MHz ( period = 12.506 ns )                    ; N[2]~reg0 ; result[5]~reg0  ; clk_16MHZ  ; clk_16MHZ ; None                        ; None                      ; 11.797 ns               ;
; N/A                                     ; 79.96 MHz ( period = 12.506 ns )                    ; N[2]~reg0 ; result[6]~reg0  ; clk_16MHZ  ; clk_16MHZ ; None                        ; None                      ; 11.797 ns               ;
; N/A                                     ; 79.96 MHz ( period = 12.506 ns )                    ; N[2]~reg0 ; result[7]~reg0  ; clk_16MHZ  ; clk_16MHZ ; None                        ; None                      ; 11.797 ns               ;
; N/A                                     ; 79.96 MHz ( period = 12.506 ns )                    ; N[2]~reg0 ; result[8]~reg0  ; clk_16MHZ  ; clk_16MHZ ; None                        ; None                      ; 11.797 ns               ;
; N/A                                     ; 79.96 MHz ( period = 12.506 ns )                    ; N[2]~reg0 ; result[9]~reg0  ; clk_16MHZ  ; clk_16MHZ ; None                        ; None                      ; 11.797 ns               ;
; N/A                                     ; 80.04 MHz ( period = 12.493 ns )                    ; N[2]~reg0 ; result[10]~reg0 ; clk_16MHZ  ; clk_16MHZ ; None                        ; None                      ; 11.784 ns               ;
; N/A                                     ; 80.10 MHz ( period = 12.484 ns )                    ; qwe[9]    ; result[3]~reg0  ; clk_16MHZ  ; clk_16MHZ ; None                        ; None                      ; 11.775 ns               ;
; N/A                                     ; 80.29 MHz ( period = 12.455 ns )                    ; N[4]~reg0 ; result[1]~reg0  ; clk_16MHZ  ; clk_16MHZ ; None                        ; None                      ; 11.746 ns               ;
; N/A                                     ; 80.37 MHz ( period = 12.442 ns )                    ; qwe[8]    ; result[4]~reg0  ; clk_16MHZ  ; clk_16MHZ ; None                        ; None                      ; 11.733 ns               ;
; N/A                                     ; 80.42 MHz ( period = 12.435 ns )                    ; qwe[3]    ; result[4]~reg0  ; clk_16MHZ  ; clk_16MHZ ; None                        ; None                      ; 11.726 ns               ;
; N/A                                     ; 80.44 MHz ( period = 12.432 ns )                    ; N[5]~reg0 ; result[2]~reg0  ; clk_16MHZ  ; clk_16MHZ ; None                        ; None                      ; 11.723 ns               ;
; N/A                                     ; 80.46 MHz ( period = 12.428 ns )                    ; qwe[5]    ; result[2]~reg0  ; clk_16MHZ  ; clk_16MHZ ; None                        ; None                      ; 11.719 ns               ;
; N/A                                     ; 80.52 MHz ( period = 12.419 ns )                    ; qwe[2]    ; result[1]~reg0  ; clk_16MHZ  ; clk_16MHZ ; None                        ; None                      ; 11.710 ns               ;
; N/A                                     ; 80.53 MHz ( period = 12.418 ns )                    ; N[8]~reg0 ; result[5]~reg0  ; clk_16MHZ  ; clk_16MHZ ; None                        ; None                      ; 11.709 ns               ;
; N/A                                     ; 80.53 MHz ( period = 12.418 ns )                    ; N[8]~reg0 ; result[6]~reg0  ; clk_16MHZ  ; clk_16MHZ ; None                        ; None                      ; 11.709 ns               ;
; N/A                                     ; 80.53 MHz ( period = 12.418 ns )                    ; N[8]~reg0 ; result[7]~reg0  ; clk_16MHZ  ; clk_16MHZ ; None                        ; None                      ; 11.709 ns               ;
; N/A                                     ; 80.53 MHz ( period = 12.418 ns )                    ; N[8]~reg0 ; result[8]~reg0  ; clk_16MHZ  ; clk_16MHZ ; None                        ; None                      ; 11.709 ns               ;
; N/A                                     ; 80.53 MHz ( period = 12.418 ns )                    ; N[8]~reg0 ; result[9]~reg0  ; clk_16MHZ  ; clk_16MHZ ; None                        ; None                      ; 11.709 ns               ;
; N/A                                     ; 80.61 MHz ( period = 12.405 ns )                    ; N[8]~reg0 ; result[10]~reg0 ; clk_16MHZ  ; clk_16MHZ ; None                        ; None                      ; 11.696 ns               ;
; N/A                                     ; 80.67 MHz ( period = 12.396 ns )                    ; N[4]~reg0 ; qwe[18]         ; clk_16MHZ  ; clk_16MHZ ; None                        ; None                      ; 11.687 ns               ;
; N/A                                     ; 80.67 MHz ( period = 12.396 ns )                    ; N[4]~reg0 ; qwe[19]         ; clk_16MHZ  ; clk_16MHZ ; None                        ; None                      ; 11.687 ns               ;
; N/A                                     ; 80.67 MHz ( period = 12.396 ns )                    ; N[4]~reg0 ; qwe[10]         ; clk_16MHZ  ; clk_16MHZ ; None                        ; None                      ; 11.687 ns               ;
; N/A                                     ; 80.67 MHz ( period = 12.396 ns )                    ; N[4]~reg0 ; qwe[11]         ; clk_16MHZ  ; clk_16MHZ ; None                        ; None                      ; 11.687 ns               ;
; N/A                                     ; 80.67 MHz ( period = 12.396 ns )                    ; N[4]~reg0 ; qwe[12]         ; clk_16MHZ  ; clk_16MHZ ; None                        ; None                      ; 11.687 ns               ;
; N/A                                     ; 80.67 MHz ( period = 12.396 ns )                    ; N[4]~reg0 ; qwe[13]         ; clk_16MHZ  ; clk_16MHZ ; None                        ; None                      ; 11.687 ns               ;
; N/A                                     ; 80.67 MHz ( period = 12.396 ns )                    ; N[4]~reg0 ; qwe[14]         ; clk_16MHZ  ; clk_16MHZ ; None                        ; None                      ; 11.687 ns               ;
; N/A                                     ; 80.67 MHz ( period = 12.396 ns )                    ; N[4]~reg0 ; qwe[15]         ; clk_16MHZ  ; clk_16MHZ ; None                        ; None                      ; 11.687 ns               ;
; N/A                                     ; 80.67 MHz ( period = 12.396 ns )                    ; N[4]~reg0 ; qwe[16]         ; clk_16MHZ  ; clk_16MHZ ; None                        ; None                      ; 11.687 ns               ;
; N/A                                     ; 80.67 MHz ( period = 12.396 ns )                    ; N[4]~reg0 ; qwe[17]         ; clk_16MHZ  ; clk_16MHZ ; None                        ; None                      ; 11.687 ns               ;
; N/A                                     ; 80.73 MHz ( period = 12.387 ns )                    ; qwe[7]    ; result[4]~reg0  ; clk_16MHZ  ; clk_16MHZ ; None                        ; None                      ; 11.678 ns               ;
; N/A                                     ; 80.76 MHz ( period = 12.383 ns )                    ; qwe[6]    ; result[3]~reg0  ; clk_16MHZ  ; clk_16MHZ ; None                        ; None                      ; 11.674 ns               ;
; N/A                                     ; 80.90 MHz ( period = 12.361 ns )                    ; qwe[9]    ; result[2]~reg0  ; clk_16MHZ  ; clk_16MHZ ; None                        ; None                      ; 11.652 ns               ;
; N/A                                     ; 80.91 MHz ( period = 12.360 ns )                    ; qwe[2]    ; qwe[18]         ; clk_16MHZ  ; clk_16MHZ ; None                        ; None                      ; 11.651 ns               ;
; N/A                                     ; 80.91 MHz ( period = 12.360 ns )                    ; qwe[2]    ; qwe[19]         ; clk_16MHZ  ; clk_16MHZ ; None                        ; None                      ; 11.651 ns               ;
; N/A                                     ; 80.91 MHz ( period = 12.360 ns )                    ; qwe[2]    ; qwe[10]         ; clk_16MHZ  ; clk_16MHZ ; None                        ; None                      ; 11.651 ns               ;
; N/A                                     ; 80.91 MHz ( period = 12.360 ns )                    ; qwe[2]    ; qwe[11]         ; clk_16MHZ  ; clk_16MHZ ; None                        ; None                      ; 11.651 ns               ;
; N/A                                     ; 80.91 MHz ( period = 12.360 ns )                    ; qwe[2]    ; qwe[12]         ; clk_16MHZ  ; clk_16MHZ ; None                        ; None                      ; 11.651 ns               ;
; N/A                                     ; 80.91 MHz ( period = 12.360 ns )                    ; qwe[2]    ; qwe[13]         ; clk_16MHZ  ; clk_16MHZ ; None                        ; None                      ; 11.651 ns               ;
; N/A                                     ; 80.91 MHz ( period = 12.360 ns )                    ; qwe[2]    ; qwe[14]         ; clk_16MHZ  ; clk_16MHZ ; None                        ; None                      ; 11.651 ns               ;
; N/A                                     ; 80.91 MHz ( period = 12.360 ns )                    ; qwe[2]    ; qwe[15]         ; clk_16MHZ  ; clk_16MHZ ; None                        ; None                      ; 11.651 ns               ;
; N/A                                     ; 80.91 MHz ( period = 12.360 ns )                    ; qwe[2]    ; qwe[16]         ; clk_16MHZ  ; clk_16MHZ ; None                        ; None                      ; 11.651 ns               ;
; N/A                                     ; 80.91 MHz ( period = 12.360 ns )                    ; qwe[2]    ; qwe[17]         ; clk_16MHZ  ; clk_16MHZ ; None                        ; None                      ; 11.651 ns               ;
; N/A                                     ; 81.14 MHz ( period = 12.325 ns )                    ; N[9]~reg0 ; result[7]~reg0  ; clk_16MHZ  ; clk_16MHZ ; None                        ; None                      ; 11.616 ns               ;
; N/A                                     ; 81.14 MHz ( period = 12.325 ns )                    ; N[9]~reg0 ; result[8]~reg0  ; clk_16MHZ  ; clk_16MHZ ; None                        ; None                      ; 11.616 ns               ;
; Timing analysis restricted to 200 rows. ; To change the limit use Settings (Assignments menu) ;           ;                 ;            ;           ;                             ;                           ;                         ;
+-----------------------------------------+-----------------------------------------------------+-----------+-----------------+------------+-----------+-----------------------------+---------------------------+-------------------------+


+----------------------------------------------------------------------------------------------------------------------------------------------------------------------------------------+
; Clock Setup: 'sig_KHZ'                                                                                                                                                                 ;
+-------+------------------------------------------------+---------+---------+------------+----------+-----------------------------+---------------------------+-------------------------+
; Slack ; Actual fmax (period)                           ; From    ; To      ; From Clock ; To Clock ; Required Setup Relationship ; Required Longest P2P Time ; Actual Longest P2P Time ;
+-------+------------------------------------------------+---------+---------+------------+----------+-----------------------------+---------------------------+-------------------------+
; N/A   ; 202.06 MHz ( period = 4.949 ns )               ; cnt[0]  ; cnt[6]  ; sig_KHZ    ; sig_KHZ  ; None                        ; None                      ; 4.240 ns                ;
; N/A   ; 202.06 MHz ( period = 4.949 ns )               ; cnt[0]  ; cnt[7]  ; sig_KHZ    ; sig_KHZ  ; None                        ; None                      ; 4.240 ns                ;
; N/A   ; 202.06 MHz ( period = 4.949 ns )               ; cnt[0]  ; cnt[8]  ; sig_KHZ    ; sig_KHZ  ; None                        ; None                      ; 4.240 ns                ;
; N/A   ; 202.06 MHz ( period = 4.949 ns )               ; cnt[0]  ; cnt[9]  ; sig_KHZ    ; sig_KHZ  ; None                        ; None                      ; 4.240 ns                ;
; N/A   ; 202.06 MHz ( period = 4.949 ns )               ; cnt[0]  ; cnt[10] ; sig_KHZ    ; sig_KHZ  ; None                        ; None                      ; 4.240 ns                ;
; N/A   ; 223.11 MHz ( period = 4.482 ns )               ; cnt[0]  ; cnt[5]  ; sig_KHZ    ; sig_KHZ  ; None                        ; None                      ; 3.773 ns                ;
; N/A   ; 229.41 MHz ( period = 4.359 ns )               ; cnt[0]  ; cnt[4]  ; sig_KHZ    ; sig_KHZ  ; None                        ; None                      ; 3.650 ns                ;
; N/A   ; 229.73 MHz ( period = 4.353 ns )               ; cnt[1]  ; cnt[6]  ; sig_KHZ    ; sig_KHZ  ; None                        ; None                      ; 3.644 ns                ;
; N/A   ; 229.73 MHz ( period = 4.353 ns )               ; cnt[1]  ; cnt[7]  ; sig_KHZ    ; sig_KHZ  ; None                        ; None                      ; 3.644 ns                ;
; N/A   ; 229.73 MHz ( period = 4.353 ns )               ; cnt[1]  ; cnt[8]  ; sig_KHZ    ; sig_KHZ  ; None                        ; None                      ; 3.644 ns                ;
; N/A   ; 229.73 MHz ( period = 4.353 ns )               ; cnt[1]  ; cnt[9]  ; sig_KHZ    ; sig_KHZ  ; None                        ; None                      ; 3.644 ns                ;
; N/A   ; 229.73 MHz ( period = 4.353 ns )               ; cnt[1]  ; cnt[10] ; sig_KHZ    ; sig_KHZ  ; None                        ; None                      ; 3.644 ns                ;
; N/A   ; 235.85 MHz ( period = 4.240 ns )               ; cnt[2]  ; cnt[6]  ; sig_KHZ    ; sig_KHZ  ; None                        ; None                      ; 3.531 ns                ;
; N/A   ; 235.85 MHz ( period = 4.240 ns )               ; cnt[2]  ; cnt[7]  ; sig_KHZ    ; sig_KHZ  ; None                        ; None                      ; 3.531 ns                ;
; N/A   ; 235.85 MHz ( period = 4.240 ns )               ; cnt[2]  ; cnt[8]  ; sig_KHZ    ; sig_KHZ  ; None                        ; None                      ; 3.531 ns                ;
; N/A   ; 235.85 MHz ( period = 4.240 ns )               ; cnt[2]  ; cnt[9]  ; sig_KHZ    ; sig_KHZ  ; None                        ; None                      ; 3.531 ns                ;
; N/A   ; 235.85 MHz ( period = 4.240 ns )               ; cnt[2]  ; cnt[10] ; sig_KHZ    ; sig_KHZ  ; None                        ; None                      ; 3.531 ns                ;
; N/A   ; 236.07 MHz ( period = 4.236 ns )               ; cnt[0]  ; cnt[3]  ; sig_KHZ    ; sig_KHZ  ; None                        ; None                      ; 3.527 ns                ;
; N/A   ; 238.21 MHz ( period = 4.198 ns )               ; cnt[4]  ; cnt[6]  ; sig_KHZ    ; sig_KHZ  ; None                        ; None                      ; 3.489 ns                ;
; N/A   ; 238.21 MHz ( period = 4.198 ns )               ; cnt[4]  ; cnt[7]  ; sig_KHZ    ; sig_KHZ  ; None                        ; None                      ; 3.489 ns                ;
; N/A   ; 238.21 MHz ( period = 4.198 ns )               ; cnt[4]  ; cnt[8]  ; sig_KHZ    ; sig_KHZ  ; None                        ; None                      ; 3.489 ns                ;
; N/A   ; 238.21 MHz ( period = 4.198 ns )               ; cnt[4]  ; cnt[9]  ; sig_KHZ    ; sig_KHZ  ; None                        ; None                      ; 3.489 ns                ;
; N/A   ; 238.21 MHz ( period = 4.198 ns )               ; cnt[4]  ; cnt[10] ; sig_KHZ    ; sig_KHZ  ; None                        ; None                      ; 3.489 ns                ;
; N/A   ; 242.90 MHz ( period = 4.117 ns )               ; cnt[3]  ; cnt[6]  ; sig_KHZ    ; sig_KHZ  ; None                        ; None                      ; 3.408 ns                ;
; N/A   ; 242.90 MHz ( period = 4.117 ns )               ; cnt[3]  ; cnt[7]  ; sig_KHZ    ; sig_KHZ  ; None                        ; None                      ; 3.408 ns                ;
; N/A   ; 242.90 MHz ( period = 4.117 ns )               ; cnt[3]  ; cnt[8]  ; sig_KHZ    ; sig_KHZ  ; None                        ; None                      ; 3.408 ns                ;
; N/A   ; 242.90 MHz ( period = 4.117 ns )               ; cnt[3]  ; cnt[9]  ; sig_KHZ    ; sig_KHZ  ; None                        ; None                      ; 3.408 ns                ;
; N/A   ; 242.90 MHz ( period = 4.117 ns )               ; cnt[3]  ; cnt[10] ; sig_KHZ    ; sig_KHZ  ; None                        ; None                      ; 3.408 ns                ;
; N/A   ; 243.13 MHz ( period = 4.113 ns )               ; cnt[0]  ; cnt[2]  ; sig_KHZ    ; sig_KHZ  ; None                        ; None                      ; 3.404 ns                ;
; N/A   ; 243.37 MHz ( period = 4.109 ns )               ; cnt[6]  ; cnt[10] ; sig_KHZ    ; sig_KHZ  ; None                        ; None                      ; 3.400 ns                ;
; N/A   ; 247.16 MHz ( period = 4.046 ns )               ; cnt[5]  ; cnt[6]  ; sig_KHZ    ; sig_KHZ  ; None                        ; None                      ; 3.337 ns                ;
; N/A   ; 247.16 MHz ( period = 4.046 ns )               ; cnt[5]  ; cnt[7]  ; sig_KHZ    ; sig_KHZ  ; None                        ; None                      ; 3.337 ns                ;
; N/A   ; 247.16 MHz ( period = 4.046 ns )               ; cnt[5]  ; cnt[8]  ; sig_KHZ    ; sig_KHZ  ; None                        ; None                      ; 3.337 ns                ;
; N/A   ; 247.16 MHz ( period = 4.046 ns )               ; cnt[5]  ; cnt[9]  ; sig_KHZ    ; sig_KHZ  ; None                        ; None                      ; 3.337 ns                ;
; N/A   ; 247.16 MHz ( period = 4.046 ns )               ; cnt[5]  ; cnt[10] ; sig_KHZ    ; sig_KHZ  ; None                        ; None                      ; 3.337 ns                ;
; N/A   ; 250.82 MHz ( period = 3.987 ns )               ; cnt[7]  ; cnt[10] ; sig_KHZ    ; sig_KHZ  ; None                        ; None                      ; 3.278 ns                ;
; N/A   ; 250.88 MHz ( period = 3.986 ns )               ; cnt[6]  ; cnt[9]  ; sig_KHZ    ; sig_KHZ  ; None                        ; None                      ; 3.277 ns                ;
; N/A   ; 257.33 MHz ( period = 3.886 ns )               ; cnt[1]  ; cnt[5]  ; sig_KHZ    ; sig_KHZ  ; None                        ; None                      ; 3.177 ns                ;
; N/A   ; 258.80 MHz ( period = 3.864 ns )               ; cnt[7]  ; cnt[9]  ; sig_KHZ    ; sig_KHZ  ; None                        ; None                      ; 3.155 ns                ;
; N/A   ; 258.87 MHz ( period = 3.863 ns )               ; cnt[6]  ; cnt[8]  ; sig_KHZ    ; sig_KHZ  ; None                        ; None                      ; 3.154 ns                ;
; N/A   ; 265.04 MHz ( period = 3.773 ns )               ; cnt[2]  ; cnt[5]  ; sig_KHZ    ; sig_KHZ  ; None                        ; None                      ; 3.064 ns                ;
; N/A   ; 265.75 MHz ( period = 3.763 ns )               ; cnt[1]  ; cnt[4]  ; sig_KHZ    ; sig_KHZ  ; None                        ; None                      ; 3.054 ns                ;
; N/A   ; 267.31 MHz ( period = 3.741 ns )               ; cnt[7]  ; cnt[8]  ; sig_KHZ    ; sig_KHZ  ; None                        ; None                      ; 3.032 ns                ;
; N/A   ; 267.38 MHz ( period = 3.740 ns )               ; cnt[6]  ; cnt[7]  ; sig_KHZ    ; sig_KHZ  ; None                        ; None                      ; 3.031 ns                ;
; N/A   ; 268.02 MHz ( period = 3.731 ns )               ; cnt[4]  ; cnt[5]  ; sig_KHZ    ; sig_KHZ  ; None                        ; None                      ; 3.022 ns                ;
; N/A   ; 268.02 MHz ( period = 3.731 ns )               ; cnt[9]  ; cnt[10] ; sig_KHZ    ; sig_KHZ  ; None                        ; None                      ; 3.022 ns                ;
; N/A   ; 273.97 MHz ( period = 3.650 ns )               ; cnt[2]  ; cnt[4]  ; sig_KHZ    ; sig_KHZ  ; None                        ; None                      ; 2.941 ns                ;
; N/A   ; 273.97 MHz ( period = 3.650 ns )               ; cnt[3]  ; cnt[5]  ; sig_KHZ    ; sig_KHZ  ; None                        ; None                      ; 2.941 ns                ;
; N/A   ; 274.65 MHz ( period = 3.641 ns )               ; cnt[8]  ; cnt[10] ; sig_KHZ    ; sig_KHZ  ; None                        ; None                      ; 2.932 ns                ;
; N/A   ; 274.73 MHz ( period = 3.640 ns )               ; cnt[1]  ; cnt[3]  ; sig_KHZ    ; sig_KHZ  ; None                        ; None                      ; 2.931 ns                ;
; N/A   ; 283.53 MHz ( period = 3.527 ns )               ; cnt[2]  ; cnt[3]  ; sig_KHZ    ; sig_KHZ  ; None                        ; None                      ; 2.818 ns                ;
; N/A   ; 283.53 MHz ( period = 3.527 ns )               ; cnt[3]  ; cnt[4]  ; sig_KHZ    ; sig_KHZ  ; None                        ; None                      ; 2.818 ns                ;
; N/A   ; 284.25 MHz ( period = 3.518 ns )               ; cnt[8]  ; cnt[9]  ; sig_KHZ    ; sig_KHZ  ; None                        ; None                      ; 2.809 ns                ;
; N/A   ; 284.33 MHz ( period = 3.517 ns )               ; cnt[1]  ; cnt[2]  ; sig_KHZ    ; sig_KHZ  ; None                        ; None                      ; 2.808 ns                ;
; N/A   ; Restricted to 304.04 MHz ( period = 3.289 ns ) ; cnt[0]  ; cnt[1]  ; sig_KHZ    ; sig_KHZ  ; None                        ; None                      ; 2.448 ns                ;
; N/A   ; Restricted to 304.04 MHz ( period = 3.289 ns ) ; cnt[0]  ; cnt[0]  ; sig_KHZ    ; sig_KHZ  ; None                        ; None                      ; 2.146 ns                ;
; N/A   ; Restricted to 304.04 MHz ( period = 3.289 ns ) ; cnt[5]  ; cnt[5]  ; sig_KHZ    ; sig_KHZ  ; None                        ; None                      ; 2.076 ns                ;
; N/A   ; Restricted to 304.04 MHz ( period = 3.289 ns ) ; cnt[7]  ; cnt[7]  ; sig_KHZ    ; sig_KHZ  ; None                        ; None                      ; 2.076 ns                ;
; N/A   ; Restricted to 304.04 MHz ( period = 3.289 ns ) ; cnt[6]  ; cnt[6]  ; sig_KHZ    ; sig_KHZ  ; None                        ; None                      ; 2.075 ns                ;
; N/A   ; Restricted to 304.04 MHz ( period = 3.289 ns ) ; cnt[4]  ; cnt[4]  ; sig_KHZ    ; sig_KHZ  ; None                        ; None                      ; 2.066 ns                ;
; N/A   ; Restricted to 304.04 MHz ( period = 3.289 ns ) ; cnt[9]  ; cnt[9]  ; sig_KHZ    ; sig_KHZ  ; None                        ; None                      ; 2.066 ns                ;
; N/A   ; Restricted to 304.04 MHz ( period = 3.289 ns ) ; cnt[2]  ; cnt[2]  ; sig_KHZ    ; sig_KHZ  ; None                        ; None                      ; 1.971 ns                ;
; N/A   ; Restricted to 304.04 MHz ( period = 3.289 ns ) ; cnt[3]  ; cnt[3]  ; sig_KHZ    ; sig_KHZ  ; None                        ; None                      ; 1.971 ns                ;
; N/A   ; Restricted to 304.04 MHz ( period = 3.289 ns ) ; cnt[8]  ; cnt[8]  ; sig_KHZ    ; sig_KHZ  ; None                        ; None                      ; 1.962 ns                ;
; N/A   ; Restricted to 304.04 MHz ( period = 3.289 ns ) ; cnt[1]  ; cnt[1]  ; sig_KHZ    ; sig_KHZ  ; None                        ; None                      ; 1.961 ns                ;
; N/A   ; Restricted to 304.04 MHz ( period = 3.289 ns ) ; cnt[10] ; cnt[10] ; sig_KHZ    ; sig_KHZ  ; None                        ; None                      ; 1.504 ns                ;
+-------+------------------------------------------------+---------+---------+------------+----------+-----------------------------+---------------------------+-------------------------+


+-------------------------------------------------------------------------------------------------------------------------------------------------------------------------------+
; Clock Hold: 'clk_16MHZ'                                                                                                                                                       ;
+------------------------------------------+--------+-------------+------------+-----------+----------------------------+----------------------------+--------------------------+
; Minimum Slack                            ; From   ; To          ; From Clock ; To Clock  ; Required Hold Relationship ; Required Shortest P2P Time ; Actual Shortest P2P Time ;
+------------------------------------------+--------+-------------+------------+-----------+----------------------------+----------------------------+--------------------------+
; Not operational: Clock Skew > Data Delay ; asd[9] ; BCD[1]~reg0 ; clk_16MHZ  ; clk_16MHZ ; None                       ; None                       ; 2.154 ns                 ;
; Not operational: Clock Skew > Data Delay ; asd[8] ; BCD[0]~reg0 ; clk_16MHZ  ; clk_16MHZ ; None                       ; None                       ; 2.596 ns                 ;
; Not operational: Clock Skew > Data Delay ; en     ; temp_N[1]   ; clk_16MHZ  ; clk_16MHZ ; None                       ; None                       ; 3.072 ns                 ;
; Not operational: Clock Skew > Data Delay ; en     ; temp_N[2]   ; clk_16MHZ  ; clk_16MHZ ; None                       ; None                       ; 3.072 ns                 ;
; Not operational: Clock Skew > Data Delay ; en     ; temp_N[3]   ; clk_16MHZ  ; clk_16MHZ ; None                       ; None                       ; 3.072 ns                 ;
; Not operational: Clock Skew > Data Delay ; en     ; temp_N[4]   ; clk_16MHZ  ; clk_16MHZ ; None                       ; None                       ; 3.072 ns                 ;
; Not operational: Clock Skew > Data Delay ; en     ; temp_N[5]   ; clk_16MHZ  ; clk_16MHZ ; None                       ; None                       ; 3.072 ns                 ;
; Not operational: Clock Skew > Data Delay ; en     ; temp_N[6]   ; clk_16MHZ  ; clk_16MHZ ; None                       ; None                       ; 3.072 ns                 ;
; Not operational: Clock Skew > Data Delay ; en     ; temp_N[7]   ; clk_16MHZ  ; clk_16MHZ ; None                       ; None                       ; 3.072 ns                 ;
; Not operational: Clock Skew > Data Delay ; en     ; temp_N[8]   ; clk_16MHZ  ; clk_16MHZ ; None                       ; None                       ; 3.072 ns                 ;
; Not operational: Clock Skew > Data Delay ; en     ; temp_N[9]   ; clk_16MHZ  ; clk_16MHZ ; None                       ; None                       ; 3.072 ns                 ;
; Not operational: Clock Skew > Data Delay ; en     ; temp_N[10]  ; clk_16MHZ  ; clk_16MHZ ; None                       ; None                       ; 3.072 ns                 ;
; Not operational: Clock Skew > Data Delay ; asd[6] ; BCD[2]~reg0 ; clk_16MHZ  ; clk_16MHZ ; None                       ; None                       ; 3.285 ns                 ;
; Not operational: Clock Skew > Data Delay ; asd[7] ; BCD[3]~reg0 ; clk_16MHZ  ; clk_16MHZ ; None                       ; None                       ; 3.735 ns                 ;
+------------------------------------------+--------+-------------+------------+-----------+----------------------------+----------------------------+--------------------------+


+-----------------------------------------------------------------------+
; tsu                                                                   ;
+-------+--------------+------------+---------+-------------+-----------+
; Slack ; Required tsu ; Actual tsu ; From    ; To          ; To Clock  ;
+-------+--------------+------------+---------+-------------+-----------+
; N/A   ; None         ; 4.611 ns   ; sig_1HZ ; N[0]~reg0   ; clk_16MHZ ;
; N/A   ; None         ; 4.611 ns   ; sig_1HZ ; N[1]~reg0   ; clk_16MHZ ;
; N/A   ; None         ; 4.611 ns   ; sig_1HZ ; N[2]~reg0   ; clk_16MHZ ;
; N/A   ; None         ; 4.611 ns   ; sig_1HZ ; N[3]~reg0   ; clk_16MHZ ;
; N/A   ; None         ; 3.622 ns   ; sig_1HZ ; N[4]~reg0   ; clk_16MHZ ;
; N/A   ; None         ; 3.622 ns   ; sig_1HZ ; N[5]~reg0   ; clk_16MHZ ;
; N/A   ; None         ; 3.622 ns   ; sig_1HZ ; N[6]~reg0   ; clk_16MHZ ;
; N/A   ; None         ; 3.622 ns   ; sig_1HZ ; N[7]~reg0   ; clk_16MHZ ;
; N/A   ; None         ; 3.622 ns   ; sig_1HZ ; N[8]~reg0   ; clk_16MHZ ;
; N/A   ; None         ; 3.622 ns   ; sig_1HZ ; N[9]~reg0   ; clk_16MHZ ;
; N/A   ; None         ; 3.622 ns   ; sig_1HZ ; N[10]~reg0  ; clk_16MHZ ;
; N/A   ; None         ; 3.447 ns   ; sig_1HZ ; en          ; clk_16MHZ ;
; N/A   ; None         ; 3.301 ns   ; sig_1HZ ; temp        ; clk_16MHZ ;
; N/A   ; None         ; 2.998 ns   ; sig_1HZ ; state.1011  ; clk_16MHZ ;
; N/A   ; None         ; 2.996 ns   ; sig_1HZ ; state.1001  ; clk_16MHZ ;
; N/A   ; None         ; 2.840 ns   ; rst     ; en          ; clk_16MHZ ;
; N/A   ; None         ; 1.906 ns   ; sig_1HZ ; state.1010  ; clk_16MHZ ;
; N/A   ; None         ; 1.394 ns   ; select  ; temp_select ; rst       ;
; N/A   ; None         ; -0.332 ns  ; select  ; decide      ; clk_16MHZ ;
; N/A   ; None         ; -0.781 ns  ; rst     ; decide      ; clk_16MHZ ;
+-------+--------------+------------+---------+-------------+-----------+


+-------------------------------------------------------------------------------+
; tco                                                                           ;
+-------+--------------+------------+-----------------+------------+------------+
; Slack ; Required tco ; Actual tco ; From            ; To         ; From Clock ;
+-------+--------------+------------+-----------------+------------+------------+
; N/A   ; None         ; 14.953 ns  ; BCD[3]~reg0     ; Dout[0]    ; clk_16MHZ  ;
; N/A   ; None         ; 14.842 ns  ; BCD[3]~reg0     ; Dout[2]    ; clk_16MHZ  ;
; N/A   ; None         ; 14.685 ns  ; BCD[1]~reg0     ; Dout[1]    ; clk_16MHZ  ;
; N/A   ; None         ; 14.648 ns  ; BCD[2]~reg0     ; Dout[0]    ; clk_16MHZ  ;
; N/A   ; None         ; 14.524 ns  ; BCD[2]~reg0     ; Dout[2]    ; clk_16MHZ  ;
; N/A   ; None         ; 14.497 ns  ; BCD[1]~reg0     ; Dout[3]    ; clk_16MHZ  ;
; N/A   ; None         ; 14.484 ns  ; BCD[1]~reg0     ; Dout[4]    ; clk_16MHZ  ;
; N/A   ; None         ; 14.483 ns  ; BCD[1]~reg0     ; Dout[5]    ; clk_16MHZ  ;
; N/A   ; None         ; 14.472 ns  ; BCD[1]~reg0     ; Dout[0]    ; clk_16MHZ  ;
; N/A   ; None         ; 14.409 ns  ; BCD[2]~reg0     ; Dout[1]    ; clk_16MHZ  ;
; N/A   ; None         ; 14.349 ns  ; BCD[1]~reg0     ; Dout[2]    ; clk_16MHZ  ;
; N/A   ; None         ; 14.251 ns  ; BCD[3]~reg0     ; Dout[1]    ; clk_16MHZ  ;
; N/A   ; None         ; 14.240 ns  ; BCD[2]~reg0     ; Dout[3]    ; clk_16MHZ  ;
; N/A   ; None         ; 14.232 ns  ; BCD[2]~reg0     ; Dout[4]    ; clk_16MHZ  ;
; N/A   ; None         ; 14.217 ns  ; BCD[2]~reg0     ; Dout[5]    ; clk_16MHZ  ;
; N/A   ; None         ; 14.182 ns  ; BCD[0]~reg0     ; Dout[0]    ; clk_16MHZ  ;
; N/A   ; None         ; 14.062 ns  ; BCD[3]~reg0     ; Dout[3]    ; clk_16MHZ  ;
; N/A   ; None         ; 14.057 ns  ; BCD[0]~reg0     ; Dout[2]    ; clk_16MHZ  ;
; N/A   ; None         ; 14.052 ns  ; BCD[3]~reg0     ; Dout[5]    ; clk_16MHZ  ;
; N/A   ; None         ; 14.041 ns  ; BCD[3]~reg0     ; Dout[4]    ; clk_16MHZ  ;
; N/A   ; None         ; 13.969 ns  ; BCD[0]~reg0     ; Dout[1]    ; clk_16MHZ  ;
; N/A   ; None         ; 13.942 ns  ; BCD[1]~reg0     ; Dout[7]    ; clk_16MHZ  ;
; N/A   ; None         ; 13.830 ns  ; BCD[1]~reg0     ; Dout[6]    ; clk_16MHZ  ;
; N/A   ; None         ; 13.797 ns  ; BCD[0]~reg0     ; Dout[3]    ; clk_16MHZ  ;
; N/A   ; None         ; 13.788 ns  ; BCD[0]~reg0     ; Dout[4]    ; clk_16MHZ  ;
; N/A   ; None         ; 13.773 ns  ; BCD[0]~reg0     ; Dout[5]    ; clk_16MHZ  ;
; N/A   ; None         ; 13.690 ns  ; BCD[2]~reg0     ; Dout[7]    ; clk_16MHZ  ;
; N/A   ; None         ; 13.554 ns  ; BCD[2]~reg0     ; Dout[6]    ; clk_16MHZ  ;
; N/A   ; None         ; 13.504 ns  ; BCD[3]~reg0     ; Dout[7]    ; clk_16MHZ  ;
; N/A   ; None         ; 13.396 ns  ; BCD[3]~reg0     ; Dout[6]    ; clk_16MHZ  ;
; N/A   ; None         ; 13.246 ns  ; BCD[0]~reg0     ; Dout[7]    ; clk_16MHZ  ;
; N/A   ; None         ; 13.114 ns  ; BCD[0]~reg0     ; Dout[6]    ; clk_16MHZ  ;
; N/A   ; None         ; 12.727 ns  ; BCD[2]~reg0     ; BCD[2]     ; clk_16MHZ  ;
; N/A   ; None         ; 12.671 ns  ; BCD[1]~reg0     ; BCD[1]     ; clk_16MHZ  ;
; N/A   ; None         ; 12.335 ns  ; BCD[3]~reg0     ; BCD[3]     ; clk_16MHZ  ;
; N/A   ; None         ; 12.169 ns  ; BCD[0]~reg0     ; BCD[0]     ; clk_16MHZ  ;
; N/A   ; None         ; 10.883 ns  ; ctl[2]~reg0     ; ctl[2]     ; clk_16MHZ  ;
; N/A   ; None         ; 10.883 ns  ; ctl[1]~reg0     ; ctl[1]     ; clk_16MHZ  ;
; N/A   ; None         ; 10.879 ns  ; ctl[0]~reg0     ; ctl[0]     ; clk_16MHZ  ;
; N/A   ; None         ; 10.878 ns  ; ctl[3]~reg0     ; ctl[3]     ; clk_16MHZ  ;
; N/A   ; None         ; 9.151 ns   ; result[9]~reg0  ; result[9]  ; clk_16MHZ  ;
; N/A   ; None         ; 8.812 ns   ; result[0]~reg0  ; result[0]  ; clk_16MHZ  ;
; N/A   ; None         ; 8.713 ns   ; result[4]~reg0  ; result[4]  ; clk_16MHZ  ;
; N/A   ; None         ; 8.706 ns   ; N[7]~reg0       ; N[7]       ; clk_16MHZ  ;
; N/A   ; None         ; 8.685 ns   ; result[7]~reg0  ; result[7]  ; clk_16MHZ  ;
; N/A   ; None         ; 8.640 ns   ; result[2]~reg0  ; result[2]  ; clk_16MHZ  ;
; N/A   ; None         ; 8.324 ns   ; N[3]~reg0       ; N[3]       ; clk_16MHZ  ;
; N/A   ; None         ; 8.315 ns   ; N[0]~reg0       ; N[0]       ; clk_16MHZ  ;
; N/A   ; None         ; 8.245 ns   ; result[6]~reg0  ; result[6]  ; clk_16MHZ  ;
; N/A   ; None         ; 8.214 ns   ; N[8]~reg0       ; N[8]       ; clk_16MHZ  ;
; N/A   ; None         ; 8.211 ns   ; N[9]~reg0       ; N[9]       ; clk_16MHZ  ;
; N/A   ; None         ; 8.209 ns   ; N[1]~reg0       ; N[1]       ; clk_16MHZ  ;
; N/A   ; None         ; 8.206 ns   ; N[4]~reg0       ; N[4]       ; clk_16MHZ  ;
; N/A   ; None         ; 8.131 ns   ; result[8]~reg0  ; result[8]  ; clk_16MHZ  ;
; N/A   ; None         ; 8.097 ns   ; result[5]~reg0  ; result[5]  ; clk_16MHZ  ;
; N/A   ; None         ; 8.067 ns   ; N[2]~reg0       ; N[2]       ; clk_16MHZ  ;
; N/A   ; None         ; 7.983 ns   ; result[10]~reg0 ; result[10] ; clk_16MHZ  ;
; N/A   ; None         ; 7.968 ns   ; result[3]~reg0  ; result[3]  ; clk_16MHZ  ;
; N/A   ; None         ; 7.967 ns   ; result[1]~reg0  ; result[1]  ; clk_16MHZ  ;
; N/A   ; None         ; 7.919 ns   ; N[6]~reg0       ; N[6]       ; clk_16MHZ  ;
; N/A   ; None         ; 6.884 ns   ; N[5]~reg0       ; N[5]       ; clk_16MHZ  ;
; N/A   ; None         ; 6.849 ns   ; N[10]~reg0      ; N[10]      ; clk_16MHZ  ;
+-------+--------------+------------+-----------------+------------+------------+


+-----------------------------------------------------------------------------+
; th                                                                          ;
+---------------+-------------+-----------+---------+-------------+-----------+
; Minimum Slack ; Required th ; Actual th ; From    ; To          ; To Clock  ;
+---------------+-------------+-----------+---------+-------------+-----------+
; N/A           ; None        ; 1.335 ns  ; rst     ; decide      ; clk_16MHZ ;
; N/A           ; None        ; 0.886 ns  ; select  ; decide      ; clk_16MHZ ;
; N/A           ; None        ; 0.100 ns  ; select  ; temp_select ; rst       ;
; N/A           ; None        ; -1.352 ns ; sig_1HZ ; state.1010  ; clk_16MHZ ;
; N/A           ; None        ; -2.286 ns ; rst     ; en          ; clk_16MHZ ;
; N/A           ; None        ; -2.442 ns ; sig_1HZ ; state.1001  ; clk_16MHZ ;
; N/A           ; None        ; -2.444 ns ; sig_1HZ ; state.1011  ; clk_16MHZ ;
; N/A           ; None        ; -2.489 ns ; sig_1HZ ; en          ; clk_16MHZ ;
; N/A           ; None        ; -2.747 ns ; sig_1HZ ; temp        ; clk_16MHZ ;
; N/A           ; None        ; -3.068 ns ; sig_1HZ ; N[4]~reg0   ; clk_16MHZ ;
; N/A           ; None        ; -3.068 ns ; sig_1HZ ; N[5]~reg0   ; clk_16MHZ ;
; N/A           ; None        ; -3.068 ns ; sig_1HZ ; N[6]~reg0   ; clk_16MHZ ;
; N/A           ; None        ; -3.068 ns ; sig_1HZ ; N[7]~reg0   ; clk_16MHZ ;
; N/A           ; None        ; -3.068 ns ; sig_1HZ ; N[8]~reg0   ; clk_16MHZ ;
; N/A           ; None        ; -3.068 ns ; sig_1HZ ; N[9]~reg0   ; clk_16MHZ ;
; N/A           ; None        ; -3.068 ns ; sig_1HZ ; N[10]~reg0  ; clk_16MHZ ;
; N/A           ; None        ; -4.057 ns ; sig_1HZ ; N[0]~reg0   ; clk_16MHZ ;
; N/A           ; None        ; -4.057 ns ; sig_1HZ ; N[1]~reg0   ; clk_16MHZ ;
; N/A           ; None        ; -4.057 ns ; sig_1HZ ; N[2]~reg0   ; clk_16MHZ ;
; N/A           ; None        ; -4.057 ns ; sig_1HZ ; N[3]~reg0   ; clk_16MHZ ;
+---------------+-------------+-----------+---------+-------------+-----------+


+--------------------------+
; Timing Analyzer Messages ;
+--------------------------+
Info: *******************************************************************
Info: Running Quartus II Classic Timing Analyzer
    Info: Version 9.0 Build 132 02/25/2009 SJ Full Version
    Info: Processing started: Tue Jan 13 11:31:06 2015
Info: Command: quartus_tan --read_settings_files=off --write_settings_files=off right -c right
Info: Parallel compilation is enabled and will use 2 of the 2 processors detected
Info: Started post-fitting delay annotation
Info: Delay annotation completed successfully
Warning: Timing Analysis is analyzing one or more combinational loops as latches
    Warning: Node "temp_select" is a latch
Warning: Found pins functioning as undefined clocks and/or memory enables
    Info: Assuming node "clk_16MHZ" is an undefined clock
    Info: Assuming node "sig_KHZ" is an undefined clock
    Info: Assuming node "rst" is a latch enable and/or memory write/read enable. Will not compute fmax for this pin.
Warning: Found 1 node(s) in clock paths which may be acting as ripple and/or gated clocks -- node(s) analyzed as buffer(s) resulting in clock skew
    Info: Detected ripple clock "clk_1KHZ" as buffer
Info: Clock "clk_16MHZ" has Internal fmax of 70.26 MHz between source register "qwe[1]" and destination register "result[5]~reg0" (period= 14.233 ns)
    Info: + Longest register to register delay is 13.524 ns
        Info: 1: + IC(0.000 ns) + CELL(0.000 ns) = 0.000 ns; Loc. = LC_X6_Y2_N1; Fanout = 5; REG Node = 'qwe[1]'
        Info: 2: + IC(2.520 ns) + CELL(0.747 ns) = 3.267 ns; Loc. = LC_X5_Y1_N6; Fanout = 1; COMB Node = 'LessThan0~50'
        Info: 3: + IC(0.000 ns) + CELL(0.123 ns) = 3.390 ns; Loc. = LC_X5_Y1_N7; Fanout = 1; COMB Node = 'LessThan0~45'
        Info: 4: + IC(0.000 ns) + CELL(0.123 ns) = 3.513 ns; Loc. = LC_X5_Y1_N8; Fanout = 1; COMB Node = 'LessThan0~40'
        Info: 5: + IC(0.000 ns) + CELL(0.399 ns) = 3.912 ns; Loc. = LC_X5_Y1_N9; Fanout = 1; COMB Node = 'LessThan0~35'
        Info: 6: + IC(0.000 ns) + CELL(0.246 ns) = 4.158 ns; Loc. = LC_X6_Y1_N4; Fanout = 1; COMB Node = 'LessThan0~10'
        Info: 7: + IC(0.000 ns) + CELL(0.975 ns) = 5.133 ns; Loc. = LC_X6_Y1_N5; Fanout = 1; COMB Node = 'LessThan0~0'
        Info: 8: + IC(0.768 ns) + CELL(0.511 ns) = 6.412 ns; Loc. = LC_X6_Y1_N9; Fanout = 1; COMB Node = 'LessThan0~5'
        Info: 9: + IC(0.711 ns) + CELL(0.200 ns) = 7.323 ns; Loc. = LC_X6_Y1_N6; Fanout = 3; COMB Node = 'LessThan0~7'
        Info: 10: + IC(0.305 ns) + CELL(0.200 ns) = 7.828 ns; Loc. = LC_X6_Y1_N7; Fanout = 4; COMB Node = 'Add6~1'
        Info: 11: + IC(2.555 ns) + CELL(0.747 ns) = 11.130 ns; Loc. = LC_X3_Y3_N5; Fanout = 2; COMB Node = 'result[0]~34'
        Info: 12: + IC(0.000 ns) + CELL(0.123 ns) = 11.253 ns; Loc. = LC_X3_Y3_N6; Fanout = 2; COMB Node = 'result[1]~36'
        Info: 13: + IC(0.000 ns) + CELL(0.123 ns) = 11.376 ns; Loc. = LC_X3_Y3_N7; Fanout = 2; COMB Node = 'result[2]~38'
        Info: 14: + IC(0.000 ns) + CELL(0.123 ns) = 11.499 ns; Loc. = LC_X3_Y3_N8; Fanout = 2; COMB Node = 'result[3]~40'
        Info: 15: + IC(0.000 ns) + CELL(0.399 ns) = 11.898 ns; Loc. = LC_X3_Y3_N9; Fanout = 6; COMB Node = 'result[4]~42'
        Info: 16: + IC(0.000 ns) + CELL(1.626 ns) = 13.524 ns; Loc. = LC_X4_Y3_N0; Fanout = 5; REG Node = 'result[5]~reg0'
        Info: Total cell delay = 6.665 ns ( 49.28 % )
        Info: Total interconnect delay = 6.859 ns ( 50.72 % )
    Info: - Smallest clock skew is 0.000 ns
        Info: + Shortest clock path from clock "clk_16MHZ" to destination register is 3.348 ns
            Info: 1: + IC(0.000 ns) + CELL(1.163 ns) = 1.163 ns; Loc. = PIN_14; Fanout = 94; CLK Node = 'clk_16MHZ'
            Info: 2: + IC(1.267 ns) + CELL(0.918 ns) = 3.348 ns; Loc. = LC_X4_Y3_N0; Fanout = 5; REG Node = 'result[5]~reg0'
            Info: Total cell delay = 2.081 ns ( 62.16 % )
            Info: Total interconnect delay = 1.267 ns ( 37.84 % )
        Info: - Longest clock path from clock "clk_16MHZ" to source register is 3.348 ns
            Info: 1: + IC(0.000 ns) + CELL(1.163 ns) = 1.163 ns; Loc. = PIN_14; Fanout = 94; CLK Node = 'clk_16MHZ'
            Info: 2: + IC(1.267 ns) + CELL(0.918 ns) = 3.348 ns; Loc. = LC_X6_Y2_N1; Fanout = 5; REG Node = 'qwe[1]'
            Info: Total cell delay = 2.081 ns ( 62.16 % )
            Info: Total interconnect delay = 1.267 ns ( 37.84 % )
    Info: + Micro clock to output delay of source is 0.376 ns
    Info: + Micro setup delay of destination is 0.333 ns
Info: Clock "sig_KHZ" has Internal fmax of 202.06 MHz between source register "cnt[0]" and destination register "cnt[6]" (period= 4.949 ns)
    Info: + Longest register to register delay is 4.240 ns
        Info: 1: + IC(0.000 ns) + CELL(0.000 ns) = 0.000 ns; Loc. = LC_X3_Y1_N9; Fanout = 5; REG Node = 'cnt[0]'
        Info: 2: + IC(1.265 ns) + CELL(0.978 ns) = 2.243 ns; Loc. = LC_X4_Y1_N0; Fanout = 2; COMB Node = 'cnt[1]~1'
        Info: 3: + IC(0.000 ns) + CELL(0.123 ns) = 2.366 ns; Loc. = LC_X4_Y1_N1; Fanout = 2; COMB Node = 'cnt[2]~3'
        Info: 4: + IC(0.000 ns) + CELL(0.123 ns) = 2.489 ns; Loc. = LC_X4_Y1_N2; Fanout = 2; COMB Node = 'cnt[3]~5'
        Info: 5: + IC(0.000 ns) + CELL(0.123 ns) = 2.612 ns; Loc. = LC_X4_Y1_N3; Fanout = 2; COMB Node = 'cnt[4]~7'
        Info: 6: + IC(0.000 ns) + CELL(0.261 ns) = 2.873 ns; Loc. = LC_X4_Y1_N4; Fanout = 5; COMB Node = 'cnt[5]~9'
        Info: 7: + IC(0.000 ns) + CELL(1.367 ns) = 4.240 ns; Loc. = LC_X4_Y1_N5; Fanout = 4; REG Node = 'cnt[6]'
        Info: Total cell delay = 2.975 ns ( 70.17 % )
        Info: Total interconnect delay = 1.265 ns ( 29.83 % )
    Info: - Smallest clock skew is 0.000 ns
        Info: + Shortest clock path from clock "sig_KHZ" to destination register is 6.655 ns
            Info: 1: + IC(0.000 ns) + CELL(1.132 ns) = 1.132 ns; Loc. = PIN_72; Fanout = 11; CLK Node = 'sig_KHZ'
            Info: 2: + IC(4.605 ns) + CELL(0.918 ns) = 6.655 ns; Loc. = LC_X4_Y1_N5; Fanout = 4; REG Node = 'cnt[6]'
            Info: Total cell delay = 2.050 ns ( 30.80 % )
            Info: Total interconnect delay = 4.605 ns ( 69.20 % )
        Info: - Longest clock path from clock "sig_KHZ" to source register is 6.655 ns
            Info: 1: + IC(0.000 ns) + CELL(1.132 ns) = 1.132 ns; Loc. = PIN_72; Fanout = 11; CLK Node = 'sig_KHZ'
            Info: 2: + IC(4.605 ns) + CELL(0.918 ns) = 6.655 ns; Loc. = LC_X3_Y1_N9; Fanout = 5; REG Node = 'cnt[0]'
            Info: Total cell delay = 2.050 ns ( 30.80 % )
            Info: Total interconnect delay = 4.605 ns ( 69.20 % )
    Info: + Micro clock to output delay of source is 0.376 ns
    Info: + Micro setup delay of destination is 0.333 ns
Warning: Circuit may not operate. Detected 14 non-operational path(s) clocked by clock "clk_16MHZ" with clock skew larger than data delay. See Compilation Report for details.
Info: Found hold time violation between source  pin or register "asd[9]" and destination pin or register "BCD[1]~reg0" for clock "clk_16MHZ" (Hold time is 1.716 ns)
    Info: + Largest clock skew is 4.025 ns
        Info: + Longest clock path from clock "clk_16MHZ" to destination register is 7.373 ns
            Info: 1: + IC(0.000 ns) + CELL(1.163 ns) = 1.163 ns; Loc. = PIN_14; Fanout = 94; CLK Node = 'clk_16MHZ'
            Info: 2: + IC(1.267 ns) + CELL(1.294 ns) = 3.724 ns; Loc. = LC_X2_Y3_N8; Fanout = 31; REG Node = 'clk_1KHZ'
            Info: 3: + IC(2.731 ns) + CELL(0.918 ns) = 7.373 ns; Loc. = LC_X5_Y4_N8; Fanout = 9; REG Node = 'BCD[1]~reg0'
            Info: Total cell delay = 3.375 ns ( 45.78 % )
            Info: Total interconnect delay = 3.998 ns ( 54.22 % )
        Info: - Shortest clock path from clock "clk_16MHZ" to source register is 3.348 ns
            Info: 1: + IC(0.000 ns) + CELL(1.163 ns) = 1.163 ns; Loc. = PIN_14; Fanout = 94; CLK Node = 'clk_16MHZ'
            Info: 2: + IC(1.267 ns) + CELL(0.918 ns) = 3.348 ns; Loc. = LC_X6_Y4_N0; Fanout = 5; REG Node = 'asd[9]'
            Info: Total cell delay = 2.081 ns ( 62.16 % )
            Info: Total interconnect delay = 1.267 ns ( 37.84 % )
    Info: - Micro clock to output delay of source is 0.376 ns
    Info: - Shortest register to register delay is 2.154 ns
        Info: 1: + IC(0.000 ns) + CELL(0.000 ns) = 0.000 ns; Loc. = LC_X6_Y4_N0; Fanout = 5; REG Node = 'asd[9]'
        Info: 2: + IC(1.350 ns) + CELL(0.804 ns) = 2.154 ns; Loc. = LC_X5_Y4_N8; Fanout = 9; REG Node = 'BCD[1]~reg0'
        Info: Total cell delay = 0.804 ns ( 37.33 % )
        Info: Total interconnect delay = 1.350 ns ( 62.67 % )
    Info: + Micro hold delay of destination is 0.221 ns
Info: tsu for register "N[0]~reg0" (data pin = "sig_1HZ", clock pin = "clk_16MHZ") is 4.611 ns
    Info: + Longest pin to register delay is 7.626 ns
        Info: 1: + IC(0.000 ns) + CELL(1.132 ns) = 1.132 ns; Loc. = PIN_5; Fanout = 5; PIN Node = 'sig_1HZ'
        Info: 2: + IC(3.091 ns) + CELL(0.511 ns) = 4.734 ns; Loc. = LC_X7_Y1_N9; Fanout = 11; COMB Node = 'Selector5~0'
        Info: 3: + IC(1.649 ns) + CELL(1.243 ns) = 7.626 ns; Loc. = LC_X5_Y1_N0; Fanout = 6; REG Node = 'N[0]~reg0'
        Info: Total cell delay = 2.886 ns ( 37.84 % )
        Info: Total interconnect delay = 4.740 ns ( 62.16 % )
    Info: + Micro setup delay of destination is 0.333 ns
    Info: - Shortest clock path from clock "clk_16MHZ" to destination register is 3.348 ns
        Info: 1: + IC(0.000 ns) + CELL(1.163 ns) = 1.163 ns; Loc. = PIN_14; Fanout = 94; CLK Node = 'clk_16MHZ'
        Info: 2: + IC(1.267 ns) + CELL(0.918 ns) = 3.348 ns; Loc. = LC_X5_Y1_N0; Fanout = 6; REG Node = 'N[0]~reg0'
        Info: Total cell delay = 2.081 ns ( 62.16 % )
        Info: Total interconnect delay = 1.267 ns ( 37.84 % )
Info: tco from clock "clk_16MHZ" to destination pin "Dout[0]" through register "BCD[3]~reg0" is 14.953 ns
    Info: + Longest clock path from clock "clk_16MHZ" to source register is 7.373 ns
        Info: 1: + IC(0.000 ns) + CELL(1.163 ns) = 1.163 ns; Loc. = PIN_14; Fanout = 94; CLK Node = 'clk_16MHZ'
        Info: 2: + IC(1.267 ns) + CELL(1.294 ns) = 3.724 ns; Loc. = LC_X2_Y3_N8; Fanout = 31; REG Node = 'clk_1KHZ'
        Info: 3: + IC(2.731 ns) + CELL(0.918 ns) = 7.373 ns; Loc. = LC_X5_Y4_N5; Fanout = 9; REG Node = 'BCD[3]~reg0'
        Info: Total cell delay = 3.375 ns ( 45.78 % )
        Info: Total interconnect delay = 3.998 ns ( 54.22 % )
    Info: + Micro clock to output delay of source is 0.376 ns
    Info: + Longest register to pin delay is 7.204 ns
        Info: 1: + IC(0.000 ns) + CELL(0.000 ns) = 0.000 ns; Loc. = LC_X5_Y4_N5; Fanout = 9; REG Node = 'BCD[3]~reg0'
        Info: 2: + IC(1.457 ns) + CELL(0.914 ns) = 2.371 ns; Loc. = LC_X6_Y4_N5; Fanout = 1; COMB Node = 'Decoder0~0'
        Info: 3: + IC(2.511 ns) + CELL(2.322 ns) = 7.204 ns; Loc. = PIN_57; Fanout = 0; PIN Node = 'Dout[0]'
        Info: Total cell delay = 3.236 ns ( 44.92 % )
        Info: Total interconnect delay = 3.968 ns ( 55.08 % )
Info: th for register "decide" (data pin = "rst", clock pin = "clk_16MHZ") is 1.335 ns
    Info: + Longest clock path from clock "clk_16MHZ" to destination register is 7.373 ns
        Info: 1: + IC(0.000 ns) + CELL(1.163 ns) = 1.163 ns; Loc. = PIN_14; Fanout = 94; CLK Node = 'clk_16MHZ'
        Info: 2: + IC(1.267 ns) + CELL(1.294 ns) = 3.724 ns; Loc. = LC_X2_Y3_N8; Fanout = 31; REG Node = 'clk_1KHZ'
        Info: 3: + IC(2.731 ns) + CELL(0.918 ns) = 7.373 ns; Loc. = LC_X3_Y1_N2; Fanout = 7; REG Node = 'decide'
        Info: Total cell delay = 3.375 ns ( 45.78 % )
        Info: Total interconnect delay = 3.998 ns ( 54.22 % )
    Info: + Micro hold delay of destination is 0.221 ns
    Info: - Shortest pin to register delay is 6.259 ns
        Info: 1: + IC(0.000 ns) + CELL(1.132 ns) = 1.132 ns; Loc. = PIN_73; Fanout = 107; CLK Node = 'rst'
        Info: 2: + IC(3.720 ns) + CELL(0.511 ns) = 5.363 ns; Loc. = LC_X3_Y1_N1; Fanout = 1; COMB Node = 'decide~2'
        Info: 3: + IC(0.305 ns) + CELL(0.591 ns) = 6.259 ns; Loc. = LC_X3_Y1_N2; Fanout = 7; REG Node = 'decide'
        Info: Total cell delay = 2.234 ns ( 35.69 % )
        Info: Total interconnect delay = 4.025 ns ( 64.31 % )
Info: Quartus II Classic Timing Analyzer was successful. 0 errors, 5 warnings
    Info: Peak virtual memory: 130 megabytes
    Info: Processing ended: Tue Jan 13 11:31:11 2015
    Info: Elapsed time: 00:00:05
    Info: Total CPU time (on all processors): 00:00:03


